Archive member included to satisfy reference by file (symbol)

C:/ST/STM32CubeIDE_1.14.0/STM32CubeIDE/plugins/com.st.stm32cube.ide.mcu.externaltools.gnu-tools-for-stm32.11.3.rel1.win32_1.1.100.202309141235/tools/bin/../lib/gcc/arm-none-eabi/11.3.1/../../../../arm-none-eabi/lib/thumb/v7e-m/nofp\libc_nano.a(libc_a-exit.o)
                              C:/ST/STM32CubeIDE_1.14.0/STM32CubeIDE/plugins/com.st.stm32cube.ide.mcu.externaltools.gnu-tools-for-stm32.11.3.rel1.win32_1.1.100.202309141235/tools/bin/../lib/gcc/arm-none-eabi/11.3.1/../../../../arm-none-eabi/lib/thumb/v7e-m/nofp/crt0.o (exit)
C:/ST/STM32CubeIDE_1.14.0/STM32CubeIDE/plugins/com.st.stm32cube.ide.mcu.externaltools.gnu-tools-for-stm32.11.3.rel1.win32_1.1.100.202309141235/tools/bin/../lib/gcc/arm-none-eabi/11.3.1/../../../../arm-none-eabi/lib/thumb/v7e-m/nofp\libc_nano.a(libc_a-realloc.o)
                              ./Core/Src/publishernode.o (realloc)
C:/ST/STM32CubeIDE_1.14.0/STM32CubeIDE/plugins/com.st.stm32cube.ide.mcu.externaltools.gnu-tools-for-stm32.11.3.rel1.win32_1.1.100.202309141235/tools/bin/../lib/gcc/arm-none-eabi/11.3.1/../../../../arm-none-eabi/lib/thumb/v7e-m/nofp\libc_nano.a(libc_a-reallocr.o)
                              C:/ST/STM32CubeIDE_1.14.0/STM32CubeIDE/plugins/com.st.stm32cube.ide.mcu.externaltools.gnu-tools-for-stm32.11.3.rel1.win32_1.1.100.202309141235/tools/bin/../lib/gcc/arm-none-eabi/11.3.1/../../../../arm-none-eabi/lib/thumb/v7e-m/nofp\libc_nano.a(libc_a-realloc.o) (_realloc_r)
C:/ST/STM32CubeIDE_1.14.0/STM32CubeIDE/plugins/com.st.stm32cube.ide.mcu.externaltools.gnu-tools-for-stm32.11.3.rel1.win32_1.1.100.202309141235/tools/bin/../lib/gcc/arm-none-eabi/11.3.1/../../../../arm-none-eabi/lib/thumb/v7e-m/nofp\libc_nano.a(libc_a-findfp.o)
                              C:/ST/STM32CubeIDE_1.14.0/STM32CubeIDE/plugins/com.st.stm32cube.ide.mcu.externaltools.gnu-tools-for-stm32.11.3.rel1.win32_1.1.100.202309141235/tools/bin/../lib/gcc/arm-none-eabi/11.3.1/../../../../arm-none-eabi/lib/thumb/v7e-m/nofp\libc_nano.a(libc_a-exit.o) (__stdio_exit_handler)
C:/ST/STM32CubeIDE_1.14.0/STM32CubeIDE/plugins/com.st.stm32cube.ide.mcu.externaltools.gnu-tools-for-stm32.11.3.rel1.win32_1.1.100.202309141235/tools/bin/../lib/gcc/arm-none-eabi/11.3.1/../../../../arm-none-eabi/lib/thumb/v7e-m/nofp\libc_nano.a(libc_a-fwalk.o)
                              C:/ST/STM32CubeIDE_1.14.0/STM32CubeIDE/plugins/com.st.stm32cube.ide.mcu.externaltools.gnu-tools-for-stm32.11.3.rel1.win32_1.1.100.202309141235/tools/bin/../lib/gcc/arm-none-eabi/11.3.1/../../../../arm-none-eabi/lib/thumb/v7e-m/nofp\libc_nano.a(libc_a-findfp.o) (_fwalk_sglue)
C:/ST/STM32CubeIDE_1.14.0/STM32CubeIDE/plugins/com.st.stm32cube.ide.mcu.externaltools.gnu-tools-for-stm32.11.3.rel1.win32_1.1.100.202309141235/tools/bin/../lib/gcc/arm-none-eabi/11.3.1/../../../../arm-none-eabi/lib/thumb/v7e-m/nofp\libc_nano.a(libc_a-stdio.o)
                              C:/ST/STM32CubeIDE_1.14.0/STM32CubeIDE/plugins/com.st.stm32cube.ide.mcu.externaltools.gnu-tools-for-stm32.11.3.rel1.win32_1.1.100.202309141235/tools/bin/../lib/gcc/arm-none-eabi/11.3.1/../../../../arm-none-eabi/lib/thumb/v7e-m/nofp\libc_nano.a(libc_a-findfp.o) (__sread)
C:/ST/STM32CubeIDE_1.14.0/STM32CubeIDE/plugins/com.st.stm32cube.ide.mcu.externaltools.gnu-tools-for-stm32.11.3.rel1.win32_1.1.100.202309141235/tools/bin/../lib/gcc/arm-none-eabi/11.3.1/../../../../arm-none-eabi/lib/thumb/v7e-m/nofp\libc_nano.a(libc_a-memset.o)
                              C:/ST/STM32CubeIDE_1.14.0/STM32CubeIDE/plugins/com.st.stm32cube.ide.mcu.externaltools.gnu-tools-for-stm32.11.3.rel1.win32_1.1.100.202309141235/tools/bin/../lib/gcc/arm-none-eabi/11.3.1/../../../../arm-none-eabi/lib/thumb/v7e-m/nofp/crt0.o (memset)
C:/ST/STM32CubeIDE_1.14.0/STM32CubeIDE/plugins/com.st.stm32cube.ide.mcu.externaltools.gnu-tools-for-stm32.11.3.rel1.win32_1.1.100.202309141235/tools/bin/../lib/gcc/arm-none-eabi/11.3.1/../../../../arm-none-eabi/lib/thumb/v7e-m/nofp\libc_nano.a(libc_a-closer.o)
                              C:/ST/STM32CubeIDE_1.14.0/STM32CubeIDE/plugins/com.st.stm32cube.ide.mcu.externaltools.gnu-tools-for-stm32.11.3.rel1.win32_1.1.100.202309141235/tools/bin/../lib/gcc/arm-none-eabi/11.3.1/../../../../arm-none-eabi/lib/thumb/v7e-m/nofp\libc_nano.a(libc_a-stdio.o) (_close_r)
C:/ST/STM32CubeIDE_1.14.0/STM32CubeIDE/plugins/com.st.stm32cube.ide.mcu.externaltools.gnu-tools-for-stm32.11.3.rel1.win32_1.1.100.202309141235/tools/bin/../lib/gcc/arm-none-eabi/11.3.1/../../../../arm-none-eabi/lib/thumb/v7e-m/nofp\libc_nano.a(libc_a-reent.o)
                              C:/ST/STM32CubeIDE_1.14.0/STM32CubeIDE/plugins/com.st.stm32cube.ide.mcu.externaltools.gnu-tools-for-stm32.11.3.rel1.win32_1.1.100.202309141235/tools/bin/../lib/gcc/arm-none-eabi/11.3.1/../../../../arm-none-eabi/lib/thumb/v7e-m/nofp\libc_nano.a(libc_a-closer.o) (errno)
[...]
Memory Configuration

Name             Origin             Length             Attributes
RAM              0x0000000020000000 0x0000000000010000 xrw
FLASH            0x0000000008000000 0x0000000000040000 xr
*default*        0x0000000000000000 0xffffffffffffffff

Linker script and memory map

LOAD C:/ST/STM32CubeIDE_1.14.0/STM32CubeIDE/plugins/com.st.stm32cube.ide.mcu.externaltools.gnu-tools-for-stm32.11.3.rel1.win32_1.1.100.202309141235/tools/bin/../lib/gcc/arm-none-eabi/11.3.1/thumb/v7e-m/nofp/crti.o
LOAD C:/ST/STM32CubeIDE_1.14.0/STM32CubeIDE/plugins/com.st.stm32cube.ide.mcu.externaltools.gnu-tools-for-stm32.11.3.rel1.win32_1.1.100.202309141235/tools/bin/../lib/gcc/arm-none-eabi/11.3.1/thumb/v7e-m/nofp/crtbegin.o
LOAD C:/ST/STM32CubeIDE_1.14.0/STM32CubeIDE/plugins/com.st.stm32cube.ide.mcu.externaltools.gnu-tools-for-stm32.11.3.rel1.win32_1.1.100.202309141235/tools/bin/../lib/gcc/arm-none-eabi/11.3.1/../../../../arm-none-eabi/lib/thumb/v7e-m/nofp/crt0.o
LOAD ./Core/Src/RCC.o
LOAD ./Core/Src/Timer.o
LOAD ./Core/Src/gpio.o
LOAD ./Core/Src/main.o
LOAD ./Core/Src/mec_move.o
LOAD ./Core/Src/pid.o
LOAD ./Core/Src/publishernode.o
LOAD ./Core/Src/stm32f4xx_hal_msp.o
LOAD ./Core/Src/stm32f4xx_it.o
LOAD ./Core/Src/syscalls.o
LOAD ./Core/Src/sysmem.o
LOAD ./Core/Src/system_stm32f4xx.o
LOAD ./Core/Src/uart.o
LOAD ./Core/Startup/startup_stm32f401rctx.o
LOAD ./Drivers/STM32F4xx_HAL_Driver/Src/stm32f4xx_hal.o
LOAD ./Drivers/STM32F4xx_HAL_Driver/Src/stm32f4xx_hal_cortex.o
LOAD ./Drivers/STM32F4xx_HAL_Driver/Src/stm32f4xx_hal_dma.o
LOAD ./Drivers/STM32F4xx_HAL_Driver/Src/stm32f4xx_hal_dma_ex.o
LOAD ./Drivers/STM32F4xx_HAL_Driver/Src/stm32f4xx_hal_exti.o
LOAD ./Drivers/STM32F4xx_HAL_Driver/Src/stm32f4xx_hal_flash.o
LOAD ./Drivers/STM32F4xx_HAL_Driver/Src/stm32f4xx_hal_flash_ex.o
LOAD ./Drivers/STM32F4xx_HAL_Driver/Src/stm32f4xx_hal_flash_ramfunc.o
LOAD ./Drivers/STM32F4xx_HAL_Driver/Src/stm32f4xx_hal_gpio.o
LOAD ./Drivers/STM32F4xx_HAL_Driver/Src/stm32f4xx_hal_pwr.o
LOAD ./Drivers/STM32F4xx_HAL_Driver/Src/stm32f4xx_hal_pwr_ex.o
LOAD ./Drivers/STM32F4xx_HAL_Driver/Src/stm32f4xx_hal_rcc.o
LOAD ./Drivers/STM32F4xx_HAL_Driver/Src/stm32f4xx_hal_rcc_ex.o
LOAD ./Drivers/STM32F4xx_HAL_Driver/Src/stm32f4xx_hal_tim.o
LOAD ./Drivers/STM32F4xx_HAL_Driver/Src/stm32f4xx_hal_tim_ex.o
LOAD ./Drivers/STM32F4xx_HAL_Driver/Src/stm32f4xx_hal_uart.o
START GROUP
LOAD C:/ST/STM32CubeIDE_1.14.0/STM32CubeIDE/plugins/com.st.stm32cube.ide.mcu.externaltools.gnu-tools-for-stm32.11.3.rel1.win32_1.1.100.202309141235/tools/bin/../lib/gcc/arm-none-eabi/11.3.1/../../../../arm-none-eabi/lib/thumb/v7e-m/nofp\libstdc++_nano.a
LOAD C:/ST/STM32CubeIDE_1.14.0/STM32CubeIDE/plugins/com.st.stm32cube.ide.mcu.externaltools.gnu-tools-for-stm32.11.3.rel1.win32_1.1.100.202309141235/tools/bin/../lib/gcc/arm-none-eabi/11.3.1/../../../../arm-none-eabi/lib/thumb/v7e-m/nofp\libsupc++_nano.a
END GROUP
LOAD C:/ST/STM32CubeIDE_1.14.0/STM32CubeIDE/plugins/com.st.stm32cube.ide.mcu.externaltools.gnu-tools-for-stm32.11.3.rel1.win32_1.1.100.202309141235/tools/bin/../lib/gcc/arm-none-eabi/11.3.1/../../../../arm-none-eabi/lib/thumb/v7e-m/nofp\libstdc++_nano.a
LOAD C:/ST/STM32CubeIDE_1.14.0/STM32CubeIDE/plugins/com.st.stm32cube.ide.mcu.externaltools.gnu-tools-for-stm32.11.3.rel1.win32_1.1.100.202309141235/tools/bin/../lib/gcc/arm-none-eabi/11.3.1/../../../../arm-none-eabi/lib/thumb/v7e-m/nofp\libm.a
LOAD C:/ST/STM32CubeIDE_1.14.0/STM32CubeIDE/plugins/com.st.stm32cube.ide.mcu.externaltools.gnu-tools-for-stm32.11.3.rel1.win32_1.1.100.202309141235/tools/bin/../lib/gcc/arm-none-eabi/11.3.1/../../../../arm-none-eabi/lib/thumb/v7e-m/nofp\libc_nano.a
START GROUP
LOAD C:/ST/STM32CubeIDE_1.14.0/STM32CubeIDE/plugins/com.st.stm32cube.ide.mcu.externaltools.gnu-tools-for-stm32.11.3.rel1.win32_1.1.100.202309141235/tools/bin/../lib/gcc/arm-none-eabi/11.3.1/thumb/v7e-m/nofp\libgcc.a
LOAD C:/ST/STM32CubeIDE_1.14.0/STM32CubeIDE/plugins/com.st.stm32cube.ide.mcu.externaltools.gnu-tools-for-stm32.11.3.rel1.win32_1.1.100.202309141235/tools/bin/../lib/gcc/arm-none-eabi/11.3.1/../../../../arm-none-eabi/lib/thumb/v7e-m/nofp\libc_nano.a
END GROUP
START GROUP
LOAD C:/ST/STM32CubeIDE_1.14.0/STM32CubeIDE/plugins/com.st.stm32cube.ide.mcu.externaltools.gnu-tools-for-stm32.11.3.rel1.win32_1.1.100.202309141235/tools/bin/../lib/gcc/arm-none-eabi/11.3.1/thumb/v7e-m/nofp\libgcc.a
LOAD C:/ST/STM32CubeIDE_1.14.0/STM32CubeIDE/plugins/com.st.stm32cube.ide.mcu.externaltools.gnu-tools-for-stm32.11.3.rel1.win32_1.1.100.202309141235/tools/bin/../lib/gcc/arm-none-eabi/11.3.1/../../../../arm-none-eabi/lib/thumb/v7e-m/nofp\libc_nano.a
END GROUP
LOAD C:/ST/STM32CubeIDE_1.14.0/STM32CubeIDE/plugins/com.st.stm32cube.ide.mcu.externaltools.gnu-tools-for-stm32.11.3.rel1.win32_1.1.100.202309141235/tools/bin/../lib/gcc/arm-none-eabi/11.3.1/thumb/v7e-m/nofp/crtend.o
LOAD C:/ST/STM32CubeIDE_1.14.0/STM32CubeIDE/plugins/com.st.stm32cube.ide.mcu.externaltools.gnu-tools-for-stm32.11.3.rel1.win32_1.1.100.202309141235/tools/bin/../lib/gcc/arm-none-eabi/11.3.1/thumb/v7e-m/nofp/crtn.o
                0x0000000020010000                _estack = (ORIGIN (RAM) + LENGTH (RAM))
                0x0000000000000200                _Min_Heap_Size = 0x200
                0x0000000000000400                _Min_Stack_Size = 0x400

.isr_vector     0x0000000008000000      0x194
                0x0000000008000000                . = ALIGN (0x4)
 *(.isr_vector)
 .isr_vector    0x0000000008000000      0x194 ./Core/Startup/startup_stm32f401rctx.o
                0x0000000008000000                g_pfnVectors
                0x0000000008000194                . = ALIGN (0x4)

.text           0x0000000008000198     0x8af0
                0x0000000008000198                . = ALIGN (0x4)
 *(.text)
 .text          0x0000000008000198       0x40 C:/ST/STM32CubeIDE_1.14.0/STM32CubeIDE/plugins/com.st.stm32cube.ide.mcu.externaltools.gnu-tools-for-stm32.11.3.rel1.win32_1.1.100.202309141235/tools/bin/../lib/gcc/arm-none-eabi/11.3.1/thumb/v7e-m/nofp/crtbegin.o
 .text          0x00000000080001d8       0x10 C:/ST/STM32CubeIDE_1.14.0/STM32CubeIDE/plugins/com.st.stm32cube.ide.mcu.externaltools.gnu-tools-for-stm32.11.3.rel1.win32_1.1.100.202309141235/tools/bin/../lib/gcc/arm-none-eabi/11.3.1/../../../../arm-none-eabi/lib/thumb/v7e-m/nofp\libc_nano.a(libc_a-strlen.o)
                0x00000000080001d8                strlen
 .text          0x00000000080001e8      0x378 C:/ST/STM32CubeIDE_1.14.0/STM32CubeIDE/plugins/com.st.stm32cube.ide.mcu.externaltools.gnu-tools-for-stm32.11.3.rel1.win32_1.1.100.202309141235/tools/bin/../lib/gcc/arm-none-eabi/11.3.1/thumb/v7e-m/nofp\libgcc.a(_arm_addsubdf3.o)
                0x00000000080001e8                __aeabi_drsub
                0x00000000080001f0                __aeabi_dsub
                0x00000000080001f0                __subdf3
                0x00000000080001f4                __aeabi_dadd
                0x00000000080001f4                __adddf3
                0x000000000800046c                __floatunsidf
                0x000000000800046c                __aeabi_ui2d
                0x000000000800048c                __floatsidf
                0x000000000800048c                __aeabi_i2d
                0x00000000080004b0                __aeabi_f2d
                0x00000000080004b0                __extendsfdf2
                0x00000000080004f4                __floatundidf
                0x00000000080004f4                __aeabi_ul2d
                0x0000000008000504                __floatdidf
                0x0000000008000504                __aeabi_l2d
 .text          0x0000000008000560      0x424 C:/ST/STM32CubeIDE_1.14.0/STM32CubeIDE/plugins/com.st.stm32cube.ide.mcu.externaltools.gnu-tools-for-stm32.11.3.rel1.win32_1.1.100.202309141235/tools/bin/../lib/gcc/arm-none-eabi/11.3.1/thumb/v7e-m/nofp\libgcc.a(_arm_muldivdf3.o)
                0x0000000008000560                __aeabi_dmul
                0x0000000008000560                __muldf3
                0x00000000080007b4                __divdf3
                0x00000000080007b4                __aeabi_ddiv
 .text          0x0000000008000984       0x40 C:/ST/STM32CubeIDE_1.14.0/STM32CubeIDE/plugins/com.st.stm32cube.ide.mcu.externaltools.gnu-tools-for-stm32.11.3.rel1.win32_1.1.100.202309141235/tools/bin/../lib/gcc/arm-none-eabi/11.3.1/thumb/v7e-m/nofp\libgcc.a(_arm_fixunsdfsi.o)
                0x0000000008000984                __aeabi_d2uiz
                0x0000000008000984                __fixunsdfsi
 .text          0x00000000080009c4       0x30 C:/ST/STM32CubeIDE_1.14.0/STM32CubeIDE/plugins/com.st.stm32cube.ide.mcu.externaltools.gnu-tools-for-stm32.11.3.rel1.win32_1.1.100.202309141235/tools/bin/../lib/gcc/arm-none-eabi/11.3.1/thumb/v7e-m/nofp\libgcc.a(_aeabi_uldivmod.o)
                0x00000000080009c4                __aeabi_uldivmod
 .text          0x00000000080009f4      0x2c8 C:/ST/STM32CubeIDE_1.14.0/STM32CubeIDE/plugins/com.st.stm32cube.ide.mcu.externaltools.gnu-tools-for-stm32.11.3.rel1.win32_1.1.100.202309141235/tools/bin/../lib/gcc/arm-none-eabi/11.3.1/thumb/v7e-m/nofp\libgcc.a(_udivmoddi4.o)
                0x00000000080009f4                __udivmoddi4
 .text          0x0000000008000cbc        0x4 C:/ST/STM32CubeIDE_1.14.0/STM32CubeIDE/plugins/com.st.stm32cube.ide.mcu.externaltools.gnu-tools-for-stm32.11.3.rel1.win32_1.1.100.202309141235/tools/bin/../lib/gcc/arm-none-eabi/11.3.1/thumb/v7e-m/nofp\libgcc.a(_dvmd_tls.o)
                0x0000000008000cbc                __aeabi_idiv0
                0x0000000008000cbc                __aeabi_ldiv0
 *(.text*)
 .text.PWM_GEN  0x0000000008000cc0     0x1580 ./Core/Src/Timer.o
                0x0000000008000cc0                PWM_GEN
 .text.GPIO_Init
                0x0000000008002240      0x1b0 ./Core/Src/gpio.o
                0x0000000008002240                GPIO_Init
 .text.GPIO_Write_Pin
                0x00000000080023f0       0x54 ./Core/Src/gpio.o
                0x00000000080023f0                GPIO_Write_Pin
 .text.GPIO_Read_Pin
                0x0000000008002444       0x36 ./Core/Src/gpio.o
                0x0000000008002444                GPIO_Read_Pin
 *fill*         0x000000000800247a        0x2 
 .text.main     0x000000000800247c      0x338 ./Core/Src/main.o
                0x000000000800247c                main
 .text._Z18SystemClock_Configv
                0x00000000080027b4       0xd4 ./Core/Src/main.o
                0x00000000080027b4                SystemClock_Config()
 .text._ZL19MX_USART1_UART_Initv
                0x0000000008002888       0x5c ./Core/Src/main.o
 .text._ZL11MX_DMA_Initv
                0x00000000080028e4       0x50 ./Core/Src/main.o
 .text._ZL12MX_GPIO_Initv
                0x0000000008002934      0x120 ./Core/Src/main.o
 *fill*         0x0000000008002a54        0x4 
 .text.HAL_GPIO_EXTI_Callback
                0x0000000008002a58      0x34c ./Core/Src/main.o
                0x0000000008002a58                HAL_GPIO_EXTI_Callback
 .text._Z9pins_initv
                0x0000000008002da4      0x140 ./Core/Src/main.o
                0x0000000008002da4                pins_init()
 .text._Z7ext_pinv
                0x0000000008002ee4       0xcc ./Core/Src/main.o
                0x0000000008002ee4                ext_pin()
 .text.Error_Handler
                0x0000000008002fb0        0xa ./Core/Src/main.o
                0x0000000008002fb0                Error_Handler
 *fill*         0x0000000008002fba        0x2 
 .text.pwm_     0x0000000008002fbc       0x4c ./Core/Src/mec_move.o
 .text.backward
                0x0000000008003008       0x44 ./Core/Src/mec_move.o
                0x0000000008003008                backward
 .text.forward  0x000000000800304c       0x44 ./Core/Src/mec_move.o
                0x000000000800304c                forward
 .text.side_left
                0x0000000008003090       0x44 ./Core/Src/mec_move.o
                0x0000000008003090                side_left
 .text.side_right
                0x00000000080030d4       0x44 ./Core/Src/mec_move.o
                0x00000000080030d4                side_right
 .text.rotate_left
                0x0000000008003118       0x44 ./Core/Src/mec_move.o
                0x0000000008003118                rotate_left
 .text.rotate_right
                0x000000000800315c       0x44 ./Core/Src/mec_move.o
                0x000000000800315c                rotate_right
 .text.diagonal_right_fw
                0x00000000080031a0       0x58 ./Core/Src/mec_move.o
                0x00000000080031a0                diagonal_right_fw
 .text.diagonal_right_bw
                0x00000000080031f8       0x58 ./Core/Src/mec_move.o
                0x00000000080031f8                diagonal_right_bw
 .text.diagonal_left_fw
                0x0000000008003250       0x58 ./Core/Src/mec_move.o
                0x0000000008003250                diagonal_left_fw
 .text.diagonal_left_bw
                0x00000000080032a8       0x58 ./Core/Src/mec_move.o
                0x00000000080032a8                diagonal_left_bw
 .text._ZN3ros4TimeC2Ev
                0x0000000008003300       0x20 ./Core/Src/publishernode.o
                0x0000000008003300                ros::Time::Time()
                0x0000000008003300                ros::Time::Time()
 .text._ZN3ros3MsgC2Ev
                0x0000000008003320       0x20 ./Core/Src/publishernode.o
                0x0000000008003320                ros::Msg::Msg()
                0x0000000008003320                ros::Msg::Msg()
 .text._ZN8std_msgs4TimeC2Ev
                0x0000000008003340       0x30 ./Core/Src/publishernode.o
                0x0000000008003340                std_msgs::Time::Time()
                0x0000000008003340                std_msgs::Time::Time()
 .text._ZNK8std_msgs4Time9serializeEPh
                0x0000000008003370       0xae ./Core/Src/publishernode.o
                0x0000000008003370                std_msgs::Time::serialize(unsigned char*) const
 .text._ZN8std_msgs4Time11deserializeEPh
                0x000000000800341e       0xc6 ./Core/Src/publishernode.o
                0x000000000800341e                std_msgs::Time::deserialize(unsigned char*)
 .text._ZN8std_msgs4Time7getTypeEv
                0x00000000080034e4       0x18 ./Core/Src/publishernode.o
                0x00000000080034e4                std_msgs::Time::getType()
 .text._ZN8std_msgs4Time6getMD5Ev
                0x00000000080034fc       0x18 ./Core/Src/publishernode.o
                0x00000000080034fc                std_msgs::Time::getMD5()
 .text._ZN14rosserial_msgs9TopicInfoC2Ev
                0x0000000008003514       0x48 ./Core/Src/publishernode.o
                0x0000000008003514                rosserial_msgs::TopicInfo::TopicInfo()
                0x0000000008003514                rosserial_msgs::TopicInfo::TopicInfo()
 .text._ZNK14rosserial_msgs9TopicInfo9serializeEPh
                0x000000000800355c      0x136 ./Core/Src/publishernode.o
                0x000000000800355c                rosserial_msgs::TopicInfo::serialize(unsigned char*) const
 .text._ZN14rosserial_msgs9TopicInfo11deserializeEPh
                0x0000000008003692      0x1d0 ./Core/Src/publishernode.o
                0x0000000008003692                rosserial_msgs::TopicInfo::deserialize(unsigned char*)
 *fill*         0x0000000008003862        0x2 
 .text._ZN14rosserial_msgs9TopicInfo7getTypeEv
                0x0000000008003864       0x18 ./Core/Src/publishernode.o
                0x0000000008003864                rosserial_msgs::TopicInfo::getType()
 .text._ZN14rosserial_msgs9TopicInfo6getMD5Ev
                0x000000000800387c       0x18 ./Core/Src/publishernode.o
                0x000000000800387c                rosserial_msgs::TopicInfo::getMD5()
 .text._ZN14rosserial_msgs3LogC2Ev
                0x0000000008003894       0x34 ./Core/Src/publishernode.o
                0x0000000008003894                rosserial_msgs::Log::Log()
                0x0000000008003894                rosserial_msgs::Log::Log()
 .text._ZNK14rosserial_msgs3Log9serializeEPh
                0x00000000080038c8       0x64 ./Core/Src/publishernode.o
                0x00000000080038c8                rosserial_msgs::Log::serialize(unsigned char*) const
 .text._ZN14rosserial_msgs3Log11deserializeEPh
                0x000000000800392c       0x90 ./Core/Src/publishernode.o
                0x000000000800392c                rosserial_msgs::Log::deserialize(unsigned char*)
 .text._ZN14rosserial_msgs3Log7getTypeEv
                0x00000000080039bc       0x18 ./Core/Src/publishernode.o
                0x00000000080039bc                rosserial_msgs::Log::getType()
 .text._ZN14rosserial_msgs3Log6getMD5Ev
                0x00000000080039d4       0x18 ./Core/Src/publishernode.o
                0x00000000080039d4                rosserial_msgs::Log::getMD5()
 .text._ZN14rosserial_msgs20RequestParamResponseC2Ev
                0x00000000080039ec       0x48 ./Core/Src/publishernode.o
                0x00000000080039ec                rosserial_msgs::RequestParamResponse::RequestParamResponse()
                0x00000000080039ec                rosserial_msgs::RequestParamResponse::RequestParamResponse()
 .text._ZNK14rosserial_msgs20RequestParamResponse9serializeEPh
                0x0000000008003a34      0x222 ./Core/Src/publishernode.o
                0x0000000008003a34                rosserial_msgs::RequestParamResponse::serialize(unsigned char*) const
 .text._ZN14rosserial_msgs20RequestParamResponse11deserializeEPh
                0x0000000008003c56      0x2e2 ./Core/Src/publishernode.o
                0x0000000008003c56                rosserial_msgs::RequestParamResponse::deserialize(unsigned char*)
 .text._ZN14rosserial_msgs20RequestParamResponse7getTypeEv
                0x0000000008003f38       0x18 ./Core/Src/publishernode.o
                0x0000000008003f38                rosserial_msgs::RequestParamResponse::getType()
 .text._ZN14rosserial_msgs20RequestParamResponse6getMD5Ev
                0x0000000008003f50       0x18 ./Core/Src/publishernode.o
                0x0000000008003f50                rosserial_msgs::RequestParamResponse::getMD5()
 .text._ZN3ros9PublisherC2EPKcPNS_3MsgEi
                0x0000000008003f68       0x2c ./Core/Src/publishernode.o
                0x0000000008003f68                ros::Publisher::Publisher(char const*, ros::Msg*, int)
                0x0000000008003f68                ros::Publisher::Publisher(char const*, ros::Msg*, int)
 .text._ZN3ros9Publisher7publishEPKNS_3MsgE
                0x0000000008003f94       0x28 ./Core/Src/publishernode.o
                0x0000000008003f94                ros::Publisher::publish(ros::Msg const*)
 .text._ZN3ros9Publisher15getEndpointTypeEv
                0x0000000008003fbc       0x16 ./Core/Src/publishernode.o
                0x0000000008003fbc                ros::Publisher::getEndpointType()
 .text._ZN11SerialClassC2ER20__UART_HandleTypeDef
                0x0000000008003fd2       0x4a ./Core/Src/publishernode.o
                0x0000000008003fd2                SerialClass::SerialClass(__UART_HandleTypeDef&)
                0x0000000008003fd2                SerialClass::SerialClass(__UART_HandleTypeDef&)
 .text._ZN11SerialClass10get_handleEv
                0x000000000800401c       0x1a ./Core/Src/publishernode.o
                0x000000000800401c                SerialClass::get_handle()
 .text._ZN11SerialClass9start_dmaEv
                0x0000000008004036       0x3c ./Core/Src/publishernode.o
                0x0000000008004036                SerialClass::start_dma()
 .text._ZN11SerialClass4readEv
                0x0000000008004072       0x7a ./Core/Src/publishernode.o
                0x0000000008004072                SerialClass::read()
 .text._ZN11SerialClass5writeEPKhi
                0x00000000080040ec       0x88 ./Core/Src/publishernode.o
                0x00000000080040ec                SerialClass::write(unsigned char const*, int)
 .text._ZN11SerialClass16tx_cplt_callbackEv
                0x0000000008004174       0x1c ./Core/Src/publishernode.o
                0x0000000008004174                SerialClass::tx_cplt_callback()
 .text._ZN11SerialClass10reset_rbufEv
                0x0000000008004190       0x28 ./Core/Src/publishernode.o
                0x0000000008004190                SerialClass::reset_rbuf()
 .text.HAL_UART_TxCpltCallback
                0x00000000080041b8       0x38 ./Core/Src/publishernode.o
                0x00000000080041b8                HAL_UART_TxCpltCallback
 .text.HAL_UART_RxCpltCallback
                0x00000000080041f0       0x28 ./Core/Src/publishernode.o
                0x00000000080041f0                HAL_UART_RxCpltCallback
 .text._ZN13STM32HardwareC2Ev
                0x0000000008004218       0x20 ./Core/Src/publishernode.o
                0x0000000008004218                STM32Hardware::STM32Hardware()
                0x0000000008004218                STM32Hardware::STM32Hardware()
 .text._ZN13STM32Hardware4initEv
                0x0000000008004238       0x1a ./Core/Src/publishernode.o
                0x0000000008004238                STM32Hardware::init()
 .text._ZN13STM32Hardware4readEv
                0x0000000008004252       0x1c ./Core/Src/publishernode.o
                0x0000000008004252                STM32Hardware::read()
 .text._ZN13STM32Hardware5writeEPhi
                0x000000000800426e       0x22 ./Core/Src/publishernode.o
                0x000000000800426e                STM32Hardware::write(unsigned char*, int)
 .text._ZN13STM32Hardware4timeEv
                0x0000000008004290       0x16 ./Core/Src/publishernode.o
                0x0000000008004290                STM32Hardware::time()
 *fill*         0x00000000080042a6        0x2 
 .text._ZN8std_msgs5Int16C2Ev
                0x00000000080042a8       0x2c ./Core/Src/publishernode.o
                0x00000000080042a8                std_msgs::Int16::Int16()
                0x00000000080042a8                std_msgs::Int16::Int16()
 .text._ZNK8std_msgs5Int169serializeEPh
                0x00000000080042d4       0x46 ./Core/Src/publishernode.o
                0x00000000080042d4                std_msgs::Int16::serialize(unsigned char*) const
 .text._ZN8std_msgs5Int1611deserializeEPh
                0x000000000800431a       0x58 ./Core/Src/publishernode.o
                0x000000000800431a                std_msgs::Int16::deserialize(unsigned char*)
 *fill*         0x0000000008004372        0x2 
 .text._ZN8std_msgs5Int167getTypeEv
                0x0000000008004374       0x18 ./Core/Src/publishernode.o
                0x0000000008004374                std_msgs::Int16::getType()
 .text._ZN8std_msgs5Int166getMD5Ev
                0x000000000800438c       0x18 ./Core/Src/publishernode.o
                0x000000000800438c                std_msgs::Int16::getMD5()
 .text._ZN8std_msgs19MultiArrayDimensionC2Ev
                0x00000000080043a4       0x3c ./Core/Src/publishernode.o
                0x00000000080043a4                std_msgs::MultiArrayDimension::MultiArrayDimension()
                0x00000000080043a4                std_msgs::MultiArrayDimension::MultiArrayDimension()
 .text._ZNK8std_msgs19MultiArrayDimension9serializeEPh
                0x00000000080043e0       0xe6 ./Core/Src/publishernode.o
                0x00000000080043e0                std_msgs::MultiArrayDimension::serialize(unsigned char*) const
 .text._ZN8std_msgs19MultiArrayDimension11deserializeEPh
                0x00000000080044c6      0x12a ./Core/Src/publishernode.o
                0x00000000080044c6                std_msgs::MultiArrayDimension::deserialize(unsigned char*)
 .text._ZN8std_msgs19MultiArrayDimension7getTypeEv
                0x00000000080045f0       0x18 ./Core/Src/publishernode.o
                0x00000000080045f0                std_msgs::MultiArrayDimension::getType()
 .text._ZN8std_msgs19MultiArrayDimension6getMD5Ev
                0x0000000008004608       0x18 ./Core/Src/publishernode.o
                0x0000000008004608                std_msgs::MultiArrayDimension::getMD5()
 .text._ZN8std_msgs16MultiArrayLayoutC2Ev
                0x0000000008004620       0x40 ./Core/Src/publishernode.o
                0x0000000008004620                std_msgs::MultiArrayLayout::MultiArrayLayout()
                0x0000000008004620                std_msgs::MultiArrayLayout::MultiArrayLayout()
 .text._ZNK8std_msgs16MultiArrayLayout9serializeEPh
                0x0000000008004660       0xec ./Core/Src/publishernode.o
                0x0000000008004660                std_msgs::MultiArrayLayout::serialize(unsigned char*) const
 .text._ZN8std_msgs16MultiArrayLayout11deserializeEPh
                0x000000000800474c      0x120 ./Core/Src/publishernode.o
                0x000000000800474c                std_msgs::MultiArrayLayout::deserialize(unsigned char*)
 .text._ZN8std_msgs16MultiArrayLayout7getTypeEv
                0x000000000800486c       0x18 ./Core/Src/publishernode.o
                0x000000000800486c                std_msgs::MultiArrayLayout::getType()
 .text._ZN8std_msgs16MultiArrayLayout6getMD5Ev
                0x0000000008004884       0x18 ./Core/Src/publishernode.o
                0x0000000008004884                std_msgs::MultiArrayLayout::getMD5()
 .text._ZN8std_msgs15Int16MultiArrayC2Ev
                0x000000000800489c       0x3c ./Core/Src/publishernode.o
                0x000000000800489c                std_msgs::Int16MultiArray::Int16MultiArray()
                0x000000000800489c                std_msgs::Int16MultiArray::Int16MultiArray()
 .text._ZNK8std_msgs15Int16MultiArray9serializeEPh
                0x00000000080048d8       0xc4 ./Core/Src/publishernode.o
                0x00000000080048d8                std_msgs::Int16MultiArray::serialize(unsigned char*) const
 .text._ZN8std_msgs15Int16MultiArray11deserializeEPh
                0x000000000800499c      0x104 ./Core/Src/publishernode.o
                0x000000000800499c                std_msgs::Int16MultiArray::deserialize(unsigned char*)
 .text._ZN8std_msgs15Int16MultiArray7getTypeEv
                0x0000000008004aa0       0x18 ./Core/Src/publishernode.o
                0x0000000008004aa0                std_msgs::Int16MultiArray::getType()
 .text._ZN8std_msgs15Int16MultiArray6getMD5Ev
                0x0000000008004ab8       0x18 ./Core/Src/publishernode.o
                0x0000000008004ab8                std_msgs::Int16MultiArray::getMD5()
 .text._Z12RoboCallbackRKN8std_msgs5Int16E
                0x0000000008004ad0       0x20 ./Core/Src/publishernode.o
                0x0000000008004ad0                RoboCallback(std_msgs::Int16 const&)
 .text._Z12AutoCallbackRKN8std_msgs15Int16MultiArrayE
                0x0000000008004af0       0x48 ./Core/Src/publishernode.o
                0x0000000008004af0                AutoCallback(std_msgs::Int16MultiArray const&)
 .text.setup    0x0000000008004b38       0x38 ./Core/Src/publishernode.o
                0x0000000008004b38                setup
 .text.loop     0x0000000008004b70       0x6c ./Core/Src/publishernode.o
                0x0000000008004b70                loop
 .text._ZN3ros3Msg8varToArrIPhmEEvT_T0_
                0x0000000008004bdc       0x3c ./Core/Src/publishernode.o
                0x0000000008004bdc                void ros::Msg::varToArr<unsigned char*, unsigned long>(unsigned char*, unsigned long)
 .text._ZN3ros3Msg8arrToVarImPhEEvRT_T0_
                0x0000000008004c18       0x4a ./Core/Src/publishernode.o
                0x0000000008004c18                void ros::Msg::arrToVar<unsigned long, unsigned char*>(unsigned long&, unsigned char*)
 *fill*         0x0000000008004c62        0x2 
 .text._ZN3ros15NodeHandleBase_C2Ev
                0x0000000008004c64       0x20 ./Core/Src/publishernode.o
                0x0000000008004c64                ros::NodeHandleBase_::NodeHandleBase_()
                0x0000000008004c64                ros::NodeHandleBase_::NodeHandleBase_()
 .text._ZN3ros11NodeHandle_I13STM32HardwareLi25ELi25ELi2048ELi2048EEC2Ev
                0x0000000008004c84      0x128 ./Core/Src/publishernode.o
                0x0000000008004c84                ros::NodeHandle_<STM32Hardware, 25, 25, 2048, 2048>::NodeHandle_()
                0x0000000008004c84                ros::NodeHandle_<STM32Hardware, 25, 25, 2048, 2048>::NodeHandle_()
 .text._ZN3ros11Subscriber_C2Ev
                0x0000000008004dac       0x20 ./Core/Src/publishernode.o
                0x0000000008004dac                ros::Subscriber_::Subscriber_()
                0x0000000008004dac                ros::Subscriber_::Subscriber_()
 .text._ZN3ros10SubscriberIN8std_msgs5Int16EvEC2EPKcPFvRKS2_Ei
                0x0000000008004dcc       0x48 ./Core/Src/publishernode.o
                0x0000000008004dcc                ros::Subscriber<std_msgs::Int16, void>::Subscriber(char const*, void (*)(std_msgs::Int16 const&), int)
                0x0000000008004dcc                ros::Subscriber<std_msgs::Int16, void>::Subscriber(char const*, void (*)(std_msgs::Int16 const&), int)
 .text._ZN3ros10SubscriberIN8std_msgs15Int16MultiArrayEvEC2EPKcPFvRKS2_Ei
                0x0000000008004e14       0x48 ./Core/Src/publishernode.o
                0x0000000008004e14                ros::Subscriber<std_msgs::Int16MultiArray, void>::Subscriber(char const*, void (*)(std_msgs::Int16MultiArray const&), int)
                0x0000000008004e14                ros::Subscriber<std_msgs::Int16MultiArray, void>::Subscriber(char const*, void (*)(std_msgs::Int16MultiArray const&), int)
 .text._ZN3ros11NodeHandle_I13STM32HardwareLi25ELi25ELi2048ELi2048EE8initNodeEv
                0x0000000008004e5c       0x52 ./Core/Src/publishernode.o
                0x0000000008004e5c                ros::NodeHandle_<STM32Hardware, 25, 25, 2048, 2048>::initNode()
 .text._ZN3ros11NodeHandle_I13STM32HardwareLi25ELi25ELi2048ELi2048EE9subscribeINS_10SubscriberIN8std_msgs5Int16EvEEEEbRT_
                0x0000000008004eae       0x58 ./Core/Src/publishernode.o
                0x0000000008004eae                bool ros::NodeHandle_<STM32Hardware, 25, 25, 2048, 2048>::subscribe<ros::Subscriber<std_msgs::Int16, void> >(ros::Subscriber<std_msgs::Int16, void>&)
 .text._ZN3ros11NodeHandle_I13STM32HardwareLi25ELi25ELi2048ELi2048EE9subscribeINS_10SubscriberIN8std_msgs15Int16MultiArrayEvEEEEbRT_
                0x0000000008004f06       0x58 ./Core/Src/publishernode.o
                0x0000000008004f06                bool ros::NodeHandle_<STM32Hardware, 25, 25, 2048, 2048>::subscribe<ros::Subscriber<std_msgs::Int16MultiArray, void> >(ros::Subscriber<std_msgs::Int16MultiArray, void>&)
 .text._ZN3ros11NodeHandle_I13STM32HardwareLi25ELi25ELi2048ELi2048EE9advertiseERNS_9PublisherE
                0x0000000008004f5e       0x5a ./Core/Src/publishernode.o
                0x0000000008004f5e                ros::NodeHandle_<STM32Hardware, 25, 25, 2048, 2048>::advertise(ros::Publisher&)
 .text._ZN3ros11NodeHandle_I13STM32HardwareLi25ELi25ELi2048ELi2048EE8spinOnceEv
                0x0000000008004fb8      0x4d6 ./Core/Src/publishernode.o
                0x0000000008004fb8                ros::NodeHandle_<STM32Hardware, 25, 25, 2048, 2048>::spinOnce()
 .text._ZN3ros11NodeHandle_I13STM32HardwareLi25ELi25ELi2048ELi2048EE15requestSyncTimeEv
                0x000000000800548e       0x3a ./Core/Src/publishernode.o
                0x000000000800548e                ros::NodeHandle_<STM32Hardware, 25, 25, 2048, 2048>::requestSyncTime()
 .text._ZN3ros11NodeHandle_I13STM32HardwareLi25ELi25ELi2048ELi2048EE15negotiateTopicsEv
                0x00000000080054c8      0x1c4 ./Core/Src/publishernode.o
                0x00000000080054c8                ros::NodeHandle_<STM32Hardware, 25, 25, 2048, 2048>::negotiateTopics()
 .text._ZN3ros11NodeHandle_I13STM32HardwareLi25ELi25ELi2048ELi2048EE8syncTimeEPh
                0x000000000800568c       0x98 ./Core/Src/publishernode.o
                0x000000000800568c                ros::NodeHandle_<STM32Hardware, 25, 25, 2048, 2048>::syncTime(unsigned char*)
 .text._ZN3ros11NodeHandle_I13STM32HardwareLi25ELi25ELi2048ELi2048EE7publishEiPKNS_3MsgE
                0x0000000008005724      0x12c ./Core/Src/publishernode.o
                0x0000000008005724                ros::NodeHandle_<STM32Hardware, 25, 25, 2048, 2048>::publish(int, ros::Msg const*)
 .text._ZN3ros11NodeHandle_I13STM32HardwareLi25ELi25ELi2048ELi2048EE6setNowERNS_4TimeE
                0x0000000008005850       0x68 ./Core/Src/publishernode.o
                0x0000000008005850                ros::NodeHandle_<STM32Hardware, 25, 25, 2048, 2048>::setNow(ros::Time&)
 .text._ZN3ros11NodeHandle_I13STM32HardwareLi25ELi25ELi2048ELi2048EE8logerrorEPKc
                0x00000000080058b8       0x1c ./Core/Src/publishernode.o
                0x00000000080058b8                ros::NodeHandle_<STM32Hardware, 25, 25, 2048, 2048>::logerror(char const*)
 .text._ZN3ros11NodeHandle_I13STM32HardwareLi25ELi25ELi2048ELi2048EE3logEcPKc
                0x00000000080058d4       0x38 ./Core/Src/publishernode.o
                0x00000000080058d4                ros::NodeHandle_<STM32Hardware, 25, 25, 2048, 2048>::log(char, char const*)
 .text._Z41__static_initialization_and_destruction_0ii
                0x000000000800590c       0x8c ./Core/Src/publishernode.o
 .text._ZN3ros10SubscriberIN8std_msgs15Int16MultiArrayEvE8callbackEPh
                0x0000000008005998       0x2a ./Core/Src/publishernode.o
                0x0000000008005998                ros::Subscriber<std_msgs::Int16MultiArray, void>::callback(unsigned char*)
 .text._ZN3ros10SubscriberIN8std_msgs15Int16MultiArrayEvE15getEndpointTypeEv
                0x00000000080059c2       0x16 ./Core/Src/publishernode.o
                0x00000000080059c2                ros::Subscriber<std_msgs::Int16MultiArray, void>::getEndpointType()
 .text._ZN3ros10SubscriberIN8std_msgs15Int16MultiArrayEvE10getMsgTypeEv
                0x00000000080059d8       0x1c ./Core/Src/publishernode.o
                0x00000000080059d8                ros::Subscriber<std_msgs::Int16MultiArray, void>::getMsgType()
 .text._ZN3ros10SubscriberIN8std_msgs15Int16MultiArrayEvE9getMsgMD5Ev
                0x00000000080059f4       0x1c ./Core/Src/publishernode.o
                0x00000000080059f4                ros::Subscriber<std_msgs::Int16MultiArray, void>::getMsgMD5()
 .text._ZN3ros10SubscriberIN8std_msgs5Int16EvE8callbackEPh
                0x0000000008005a10       0x2a ./Core/Src/publishernode.o
                0x0000000008005a10                ros::Subscriber<std_msgs::Int16, void>::callback(unsigned char*)
 .text._ZN3ros10SubscriberIN8std_msgs5Int16EvE15getEndpointTypeEv
                0x0000000008005a3a       0x16 ./Core/Src/publishernode.o
                0x0000000008005a3a                ros::Subscriber<std_msgs::Int16, void>::getEndpointType()
 .text._ZN3ros10SubscriberIN8std_msgs5Int16EvE10getMsgTypeEv
                0x0000000008005a50       0x1c ./Core/Src/publishernode.o
                0x0000000008005a50                ros::Subscriber<std_msgs::Int16, void>::getMsgType()
 .text._ZN3ros10SubscriberIN8std_msgs5Int16EvE9getMsgMD5Ev
                0x0000000008005a6c       0x1c ./Core/Src/publishernode.o
                0x0000000008005a6c                ros::Subscriber<std_msgs::Int16, void>::getMsgMD5()
 .text._ZN3ros11NodeHandle_I13STM32HardwareLi25ELi25ELi2048ELi2048EE9connectedEv
                0x0000000008005a88       0x1c ./Core/Src/publishernode.o
                0x0000000008005a88                ros::NodeHandle_<STM32Hardware, 25, 25, 2048, 2048>::connected()
 .text._GLOBAL__sub_I_serial
                0x0000000008005aa4       0x10 ./Core/Src/publishernode.o
 .text.HAL_MspInit
                0x0000000008005ab4       0x4c ./Core/Src/stm32f4xx_hal_msp.o
                0x0000000008005ab4                HAL_MspInit
 .text.HAL_UART_MspInit
                0x0000000008005b00      0x170 ./Core/Src/stm32f4xx_hal_msp.o
                0x0000000008005b00                HAL_UART_MspInit
 .text.NMI_Handler
                0x0000000008005c70        0x6 ./Core/Src/stm32f4xx_it.o
                0x0000000008005c70                NMI_Handler
 .text.HardFault_Handler
                0x0000000008005c76        0x6 ./Core/Src/stm32f4xx_it.o
                0x0000000008005c76                HardFault_Handler
 .text.MemManage_Handler
                0x0000000008005c7c        0x6 ./Core/Src/stm32f4xx_it.o
                0x0000000008005c7c                MemManage_Handler
 .text.BusFault_Handler
                0x0000000008005c82        0x6 ./Core/Src/stm32f4xx_it.o
                0x0000000008005c82                BusFault_Handler
 .text.UsageFault_Handler
                0x0000000008005c88        0x6 ./Core/Src/stm32f4xx_it.o
                0x0000000008005c88                UsageFault_Handler
 .text.SVC_Handler
                0x0000000008005c8e        0xc ./Core/Src/stm32f4xx_it.o
                0x0000000008005c8e                SVC_Handler
 .text.DebugMon_Handler
                0x0000000008005c9a        0xc ./Core/Src/stm32f4xx_it.o
                0x0000000008005c9a                DebugMon_Handler
 .text.PendSV_Handler
                0x0000000008005ca6        0xc ./Core/Src/stm32f4xx_it.o
                0x0000000008005ca6                PendSV_Handler
 .text.SysTick_Handler
                0x0000000008005cb2        0xc ./Core/Src/stm32f4xx_it.o
                0x0000000008005cb2                SysTick_Handler
 .text.EXTI9_5_IRQHandler
                0x0000000008005cbe       0x10 ./Core/Src/stm32f4xx_it.o
                0x0000000008005cbe                EXTI9_5_IRQHandler
 *fill*         0x0000000008005cce        0x2 
 .text.USART1_IRQHandler
                0x0000000008005cd0       0x14 ./Core/Src/stm32f4xx_it.o
                0x0000000008005cd0                USART1_IRQHandler
 .text.EXTI15_10_IRQHandler
                0x0000000008005ce4       0x20 ./Core/Src/stm32f4xx_it.o
                0x0000000008005ce4                EXTI15_10_IRQHandler
 .text.DMA2_Stream2_IRQHandler
                0x0000000008005d04       0x14 ./Core/Src/stm32f4xx_it.o
                0x0000000008005d04                DMA2_Stream2_IRQHandler
 .text.DMA2_Stream7_IRQHandler
                0x0000000008005d18       0x14 ./Core/Src/stm32f4xx_it.o
                0x0000000008005d18                DMA2_Stream7_IRQHandler
 .text.TIM4_IRQHandler
                0x0000000008005d2c       0x2c ./Core/Src/stm32f4xx_it.o
                0x0000000008005d2c                TIM4_IRQHandler
 .text._sbrk    0x0000000008005d58       0x6c ./Core/Src/sysmem.o
                0x0000000008005d58                _sbrk
 .text.SystemInit
                0x0000000008005dc4        0xc ./Core/Src/system_stm32f4xx.o
                0x0000000008005dc4                SystemInit
 .text.Reset_Handler
                0x0000000008005dd0       0x50 ./Core/Startup/startup_stm32f401rctx.o
                0x0000000008005dd0                Reset_Handler
 .text.Default_Handler
                0x0000000008005e20        0x2 ./Core/Startup/startup_stm32f401rctx.o
                0x0000000008005e20                RTC_Alarm_IRQHandler
                0x0000000008005e20                EXTI2_IRQHandler
                0x0000000008005e20                SPI4_IRQHandler
                0x0000000008005e20                TIM1_CC_IRQHandler
                0x0000000008005e20                DMA2_Stream5_IRQHandler
                0x0000000008005e20                DMA1_Stream5_IRQHandler
                0x0000000008005e20                PVD_IRQHandler
                0x0000000008005e20                SDIO_IRQHandler
                0x0000000008005e20                TAMP_STAMP_IRQHandler
                0x0000000008005e20                EXTI3_IRQHandler
                0x0000000008005e20                TIM1_UP_TIM10_IRQHandler
                0x0000000008005e20                I2C3_ER_IRQHandler
                0x0000000008005e20                EXTI0_IRQHandler
                0x0000000008005e20                I2C2_EV_IRQHandler
                0x0000000008005e20                DMA1_Stream2_IRQHandler
                0x0000000008005e20                FPU_IRQHandler
                0x0000000008005e20                SPI1_IRQHandler
                0x0000000008005e20                TIM1_BRK_TIM9_IRQHandler
                0x0000000008005e20                DMA2_Stream3_IRQHandler
                0x0000000008005e20                USART6_IRQHandler
                0x0000000008005e20                DMA2_Stream0_IRQHandler
                0x0000000008005e20                I2C1_EV_IRQHandler
                0x0000000008005e20                DMA1_Stream6_IRQHandler
                0x0000000008005e20                DMA1_Stream1_IRQHandler
                0x0000000008005e20                TIM3_IRQHandler
                0x0000000008005e20                RCC_IRQHandler
                0x0000000008005e20                Default_Handler
                0x0000000008005e20                ADC_IRQHandler
                0x0000000008005e20                DMA1_Stream7_IRQHandler
                0x0000000008005e20                TIM5_IRQHandler
                0x0000000008005e20                I2C3_EV_IRQHandler
                0x0000000008005e20                RTC_WKUP_IRQHandler
                0x0000000008005e20                SPI2_IRQHandler
                0x0000000008005e20                DMA1_Stream0_IRQHandler
                0x0000000008005e20                EXTI4_IRQHandler
                0x0000000008005e20                WWDG_IRQHandler
                0x0000000008005e20                TIM2_IRQHandler
                0x0000000008005e20                OTG_FS_WKUP_IRQHandler
                0x0000000008005e20                TIM1_TRG_COM_TIM11_IRQHandler
                0x0000000008005e20                EXTI1_IRQHandler
                0x0000000008005e20                USART2_IRQHandler
                0x0000000008005e20                I2C2_ER_IRQHandler
                0x0000000008005e20                DMA2_Stream1_IRQHandler
                0x0000000008005e20                FLASH_IRQHandler
                0x0000000008005e20                DMA2_Stream4_IRQHandler
                0x0000000008005e20                OTG_FS_IRQHandler
                0x0000000008005e20                SPI3_IRQHandler
                0x0000000008005e20                DMA1_Stream4_IRQHandler
                0x0000000008005e20                I2C1_ER_IRQHandler
                0x0000000008005e20                DMA2_Stream6_IRQHandler
                0x0000000008005e20                DMA1_Stream3_IRQHandler
 *fill*         0x0000000008005e22        0x2 
 .text.HAL_Init
                0x0000000008005e24       0x44 ./Drivers/STM32F4xx_HAL_Driver/Src/stm32f4xx_hal.o
                0x0000000008005e24                HAL_Init
 .text.HAL_InitTick
                0x0000000008005e68       0x60 ./Drivers/STM32F4xx_HAL_Driver/Src/stm32f4xx_hal.o
                0x0000000008005e68                HAL_InitTick
 .text.HAL_IncTick
                0x0000000008005ec8       0x24 ./Drivers/STM32F4xx_HAL_Driver/Src/stm32f4xx_hal.o
                0x0000000008005ec8                HAL_IncTick
 .text.HAL_GetTick
                0x0000000008005eec       0x14 ./Drivers/STM32F4xx_HAL_Driver/Src/stm32f4xx_hal.o
                0x0000000008005eec                HAL_GetTick
 .text.HAL_Delay
                0x0000000008005f00       0x48 ./Drivers/STM32F4xx_HAL_Driver/Src/stm32f4xx_hal.o
                0x0000000008005f00                HAL_Delay
 .text.__NVIC_SetPriorityGrouping
                0x0000000008005f48       0x48 ./Drivers/STM32F4xx_HAL_Driver/Src/stm32f4xx_hal_cortex.o
 .text.__NVIC_GetPriorityGrouping
                0x0000000008005f90       0x1c ./Drivers/STM32F4xx_HAL_Driver/Src/stm32f4xx_hal_cortex.o
 .text.__NVIC_EnableIRQ
                0x0000000008005fac       0x38 ./Drivers/STM32F4xx_HAL_Driver/Src/stm32f4xx_hal_cortex.o
 .text.__NVIC_SetPriority
                0x0000000008005fe4       0x54 ./Drivers/STM32F4xx_HAL_Driver/Src/stm32f4xx_hal_cortex.o
 .text.NVIC_EncodePriority
                0x0000000008006038       0x64 ./Drivers/STM32F4xx_HAL_Driver/Src/stm32f4xx_hal_cortex.o
 .text.SysTick_Config
                0x000000000800609c       0x44 ./Drivers/STM32F4xx_HAL_Driver/Src/stm32f4xx_hal_cortex.o
 .text.HAL_NVIC_SetPriorityGrouping
                0x00000000080060e0       0x16 ./Drivers/STM32F4xx_HAL_Driver/Src/stm32f4xx_hal_cortex.o
                0x00000000080060e0                HAL_NVIC_SetPriorityGrouping
 .text.HAL_NVIC_SetPriority
                0x00000000080060f6       0x38 ./Drivers/STM32F4xx_HAL_Driver/Src/stm32f4xx_hal_cortex.o
                0x00000000080060f6                HAL_NVIC_SetPriority
 .text.HAL_NVIC_EnableIRQ
                0x000000000800612e       0x1c ./Drivers/STM32F4xx_HAL_Driver/Src/stm32f4xx_hal_cortex.o
                0x000000000800612e                HAL_NVIC_EnableIRQ
 .text.HAL_SYSTICK_Config
                0x000000000800614a       0x18 ./Drivers/STM32F4xx_HAL_Driver/Src/stm32f4xx_hal_cortex.o
                0x000000000800614a                HAL_SYSTICK_Config
 *fill*         0x0000000008006162        0x2 
 .text.HAL_DMA_Init
                0x0000000008006164      0x15c ./Drivers/STM32F4xx_HAL_Driver/Src/stm32f4xx_hal_dma.o
                0x0000000008006164                HAL_DMA_Init
 .text.HAL_DMA_Start_IT
                0x00000000080062c0       0xb0 ./Drivers/STM32F4xx_HAL_Driver/Src/stm32f4xx_hal_dma.o
                0x00000000080062c0                HAL_DMA_Start_IT
 .text.HAL_DMA_Abort
                0x0000000008006370       0xe0 ./Drivers/STM32F4xx_HAL_Driver/Src/stm32f4xx_hal_dma.o
                0x0000000008006370                HAL_DMA_Abort
 .text.HAL_DMA_Abort_IT
                0x0000000008006450       0x42 ./Drivers/STM32F4xx_HAL_Driver/Src/stm32f4xx_hal_dma.o
                0x0000000008006450                HAL_DMA_Abort_IT
 *fill*         0x0000000008006492        0x2 
 .text.HAL_DMA_IRQHandler
                0x0000000008006494      0x314 ./Drivers/STM32F4xx_HAL_Driver/Src/stm32f4xx_hal_dma.o
                0x0000000008006494                HAL_DMA_IRQHandler
 .text.DMA_SetConfig
                0x00000000080067a8       0x5a ./Drivers/STM32F4xx_HAL_Driver/Src/stm32f4xx_hal_dma.o
 *fill*         0x0000000008006802        0x2 
 .text.DMA_CalcBaseAndBitshift
                0x0000000008006804       0x68 ./Drivers/STM32F4xx_HAL_Driver/Src/stm32f4xx_hal_dma.o
 .text.DMA_CheckFifoParam
                0x000000000800686c       0xf4 ./Drivers/STM32F4xx_HAL_Driver/Src/stm32f4xx_hal_dma.o
 .text.HAL_GPIO_Init
                0x0000000008006960      0x304 ./Drivers/STM32F4xx_HAL_Driver/Src/stm32f4xx_hal_gpio.o
                0x0000000008006960                HAL_GPIO_Init
 .text.HAL_GPIO_WritePin
                0x0000000008006c64       0x30 ./Drivers/STM32F4xx_HAL_Driver/Src/stm32f4xx_hal_gpio.o
                0x0000000008006c64                HAL_GPIO_WritePin
 .text.HAL_GPIO_TogglePin
                0x0000000008006c94       0x32 ./Drivers/STM32F4xx_HAL_Driver/Src/stm32f4xx_hal_gpio.o
                0x0000000008006c94                HAL_GPIO_TogglePin
 *fill*         0x0000000008006cc6        0x2 
 .text.HAL_GPIO_EXTI_IRQHandler
                0x0000000008006cc8       0x30 ./Drivers/STM32F4xx_HAL_Driver/Src/stm32f4xx_hal_gpio.o
                0x0000000008006cc8                HAL_GPIO_EXTI_IRQHandler
 .text.HAL_RCC_OscConfig
                0x0000000008006cf8      0x4f0 ./Drivers/STM32F4xx_HAL_Driver/Src/stm32f4xx_hal_rcc.o
                0x0000000008006cf8                HAL_RCC_OscConfig
 .text.HAL_RCC_ClockConfig
                0x00000000080071e8      0x1cc ./Drivers/STM32F4xx_HAL_Driver/Src/stm32f4xx_hal_rcc.o
                0x00000000080071e8                HAL_RCC_ClockConfig
 .text.HAL_RCC_GetSysClockFreq
                0x00000000080073b4      0x18c ./Drivers/STM32F4xx_HAL_Driver/Src/stm32f4xx_hal_rcc.o
                0x00000000080073b4                HAL_RCC_GetSysClockFreq
 .text.HAL_RCC_GetHCLKFreq
                0x0000000008007540       0x14 ./Drivers/STM32F4xx_HAL_Driver/Src/stm32f4xx_hal_rcc.o
                0x0000000008007540                HAL_RCC_GetHCLKFreq
 .text.HAL_RCC_GetPCLK1Freq
                0x0000000008007554       0x28 ./Drivers/STM32F4xx_HAL_Driver/Src/stm32f4xx_hal_rcc.o
                0x0000000008007554                HAL_RCC_GetPCLK1Freq
 .text.HAL_RCC_GetPCLK2Freq
                0x000000000800757c       0x28 ./Drivers/STM32F4xx_HAL_Driver/Src/stm32f4xx_hal_rcc.o
                0x000000000800757c                HAL_RCC_GetPCLK2Freq
 .text.HAL_UART_Init
                0x00000000080075a4       0x9a ./Drivers/STM32F4xx_HAL_Driver/Src/stm32f4xx_hal_uart.o
                0x00000000080075a4                HAL_UART_Init
 *fill*         0x000000000800763e        0x2 
 .text.HAL_UART_Transmit_DMA
                0x0000000008007640       0xfc ./Drivers/STM32F4xx_HAL_Driver/Src/stm32f4xx_hal_uart.o
                0x0000000008007640                HAL_UART_Transmit_DMA
 .text.HAL_UART_Receive_DMA
                0x000000000800773c       0x60 ./Drivers/STM32F4xx_HAL_Driver/Src/stm32f4xx_hal_uart.o
                0x000000000800773c                HAL_UART_Receive_DMA
 .text.HAL_UART_IRQHandler
                0x000000000800779c      0x51c ./Drivers/STM32F4xx_HAL_Driver/Src/stm32f4xx_hal_uart.o
                0x000000000800779c                HAL_UART_IRQHandler
 .text.HAL_UART_TxHalfCpltCallback
                0x0000000008007cb8       0x12 ./Drivers/STM32F4xx_HAL_Driver/Src/stm32f4xx_hal_uart.o
                0x0000000008007cb8                HAL_UART_TxHalfCpltCallback
 .text.HAL_UART_RxHalfCpltCallback
                0x0000000008007cca       0x12 ./Drivers/STM32F4xx_HAL_Driver/Src/stm32f4xx_hal_uart.o
                0x0000000008007cca                HAL_UART_RxHalfCpltCallback
 .text.HAL_UART_ErrorCallback
                0x0000000008007cdc       0x12 ./Drivers/STM32F4xx_HAL_Driver/Src/stm32f4xx_hal_uart.o
                0x0000000008007cdc                HAL_UART_ErrorCallback
 .text.HAL_UARTEx_RxEventCallback
                0x0000000008007cee       0x16 ./Drivers/STM32F4xx_HAL_Driver/Src/stm32f4xx_hal_uart.o
                0x0000000008007cee                HAL_UARTEx_RxEventCallback
 .text.UART_DMATransmitCplt
                0x0000000008007d04       0x9a ./Drivers/STM32F4xx_HAL_Driver/Src/stm32f4xx_hal_uart.o
 .text.UART_DMATxHalfCplt
                0x0000000008007d9e       0x1c ./Drivers/STM32F4xx_HAL_Driver/Src/stm32f4xx_hal_uart.o
 .text.UART_DMAReceiveCplt
                0x0000000008007dba      0x126 ./Drivers/STM32F4xx_HAL_Driver/Src/stm32f4xx_hal_uart.o
 .text.UART_DMARxHalfCplt
                0x0000000008007ee0       0x36 ./Drivers/STM32F4xx_HAL_Driver/Src/stm32f4xx_hal_uart.o
 .text.UART_DMAError
                0x0000000008007f16       0x94 ./Drivers/STM32F4xx_HAL_Driver/Src/stm32f4xx_hal_uart.o
 *fill*         0x0000000008007faa        0x2 
 .text.UART_Start_Receive_DMA
                0x0000000008007fac      0x13c ./Drivers/STM32F4xx_HAL_Driver/Src/stm32f4xx_hal_uart.o
                0x0000000008007fac                UART_Start_Receive_DMA
 .text.UART_EndTxTransfer
                0x00000000080080e8       0x4e ./Drivers/STM32F4xx_HAL_Driver/Src/stm32f4xx_hal_uart.o
 .text.UART_EndRxTransfer
                0x0000000008008136       0xc4 ./Drivers/STM32F4xx_HAL_Driver/Src/stm32f4xx_hal_uart.o
 .text.UART_DMAAbortOnError
                0x00000000080081fa       0x28 ./Drivers/STM32F4xx_HAL_Driver/Src/stm32f4xx_hal_uart.o
 .text.UART_Transmit_IT
                0x0000000008008222       0x9e ./Drivers/STM32F4xx_HAL_Driver/Src/stm32f4xx_hal_uart.o
 .text.UART_EndTransmit_IT
                0x00000000080082c0       0x30 ./Drivers/STM32F4xx_HAL_Driver/Src/stm32f4xx_hal_uart.o
 .text.UART_Receive_IT
                0x00000000080082f0      0x176 ./Drivers/STM32F4xx_HAL_Driver/Src/stm32f4xx_hal_uart.o
 *fill*         0x0000000008008466        0x2 
 .text.UART_SetConfig
                0x0000000008008468      0x4f8 ./Drivers/STM32F4xx_HAL_Driver/Src/stm32f4xx_hal_uart.o
 .text.realloc  0x0000000008008960       0x10 C:/ST/STM32CubeIDE_1.14.0/STM32CubeIDE/plugins/com.st.stm32cube.ide.mcu.externaltools.gnu-tools-for-stm32.11.3.rel1.win32_1.1.100.202309141235/tools/bin/../lib/gcc/arm-none-eabi/11.3.1/../../../../arm-none-eabi/lib/thumb/v7e-m/nofp\libc_nano.a(libc_a-realloc.o)
                0x0000000008008960                realloc
 .text._realloc_r
                0x0000000008008970       0x5e C:/ST/STM32CubeIDE_1.14.0/STM32CubeIDE/plugins/com.st.stm32cube.ide.mcu.externaltools.gnu-tools-for-stm32.11.3.rel1.win32_1.1.100.202309141235/tools/bin/../lib/gcc/arm-none-eabi/11.3.1/../../../../arm-none-eabi/lib/thumb/v7e-m/nofp\libc_nano.a(libc_a-reallocr.o)
                0x0000000008008970                _realloc_r
 .text.memset   0x00000000080089ce       0x10 C:/ST/STM32CubeIDE_1.14.0/STM32CubeIDE/plugins/com.st.stm32cube.ide.mcu.externaltools.gnu-tools-for-stm32.11.3.rel1.win32_1.1.100.202309141235/tools/bin/../lib/gcc/arm-none-eabi/11.3.1/../../../../arm-none-eabi/lib/thumb/v7e-m/nofp\libc_nano.a(libc_a-memset.o)
                0x00000000080089ce                memset
 *fill*         0x00000000080089de        0x2 
 .text.__errno  0x00000000080089e0        0xc C:/ST/STM32CubeIDE_1.14.0/STM32CubeIDE/plugins/com.st.stm32cube.ide.mcu.externaltools.gnu-tools-for-stm32.11.3.rel1.win32_1.1.100.202309141235/tools/bin/../lib/gcc/arm-none-eabi/11.3.1/../../../../arm-none-eabi/lib/thumb/v7e-m/nofp\libc_nano.a(libc_a-errno.o)
                0x00000000080089e0                __errno
 .text.__libc_init_array
                0x00000000080089ec       0x48 C:/ST/STM32CubeIDE_1.14.0/STM32CubeIDE/plugins/com.st.stm32cube.ide.mcu.externaltools.gnu-tools-for-stm32.11.3.rel1.win32_1.1.100.202309141235/tools/bin/../lib/gcc/arm-none-eabi/11.3.1/../../../../arm-none-eabi/lib/thumb/v7e-m/nofp\libc_nano.a(libc_a-init.o)
                0x00000000080089ec                __libc_init_array
 .text.__retarget_lock_acquire_recursive
                0x0000000008008a34        0x2 C:/ST/STM32CubeIDE_1.14.0/STM32CubeIDE/plugins/com.st.stm32cube.ide.mcu.externaltools.gnu-tools-for-stm32.11.3.rel1.win32_1.1.100.202309141235/tools/bin/../lib/gcc/arm-none-eabi/11.3.1/../../../../arm-none-eabi/lib/thumb/v7e-m/nofp\libc_nano.a(libc_a-lock.o)
                0x0000000008008a34                __retarget_lock_acquire_recursive
 .text.__retarget_lock_release_recursive
                0x0000000008008a36        0x2 C:/ST/STM32CubeIDE_1.14.0/STM32CubeIDE/plugins/com.st.stm32cube.ide.mcu.externaltools.gnu-tools-for-stm32.11.3.rel1.win32_1.1.100.202309141235/tools/bin/../lib/gcc/arm-none-eabi/11.3.1/../../../../arm-none-eabi/lib/thumb/v7e-m/nofp\libc_nano.a(libc_a-lock.o)
                0x0000000008008a36                __retarget_lock_release_recursive
 .text.memcpy   0x0000000008008a38       0x1c C:/ST/STM32CubeIDE_1.14.0/STM32CubeIDE/plugins/com.st.stm32cube.ide.mcu.externaltools.gnu-tools-for-stm32.11.3.rel1.win32_1.1.100.202309141235/tools/bin/../lib/gcc/arm-none-eabi/11.3.1/../../../../arm-none-eabi/lib/thumb/v7e-m/nofp\libc_nano.a(libc_a-memcpy-stub.o)
                0x0000000008008a38                memcpy
 .text._free_r  0x0000000008008a54       0x94 C:/ST/STM32CubeIDE_1.14.0/STM32CubeIDE/plugins/com.st.stm32cube.ide.mcu.externaltools.gnu-tools-for-stm32.11.3.rel1.win32_1.1.100.202309141235/tools/bin/../lib/gcc/arm-none-eabi/11.3.1/../../../../arm-none-eabi/lib/thumb/v7e-m/nofp\libc_nano.a(libc_a-freer.o)
                0x0000000008008a54                _free_r
 .text.sbrk_aligned
                0x0000000008008ae8       0x40 C:/ST/STM32CubeIDE_1.14.0/STM32CubeIDE/plugins/com.st.stm32cube.ide.mcu.externaltools.gnu-tools-for-stm32.11.3.rel1.win32_1.1.100.202309141235/tools/bin/../lib/gcc/arm-none-eabi/11.3.1/../../../../arm-none-eabi/lib/thumb/v7e-m/nofp\libc_nano.a(libc_a-mallocr.o)
 .text._malloc_r
                0x0000000008008b28      0x100 C:/ST/STM32CubeIDE_1.14.0/STM32CubeIDE/plugins/com.st.stm32cube.ide.mcu.externaltools.gnu-tools-for-stm32.11.3.rel1.win32_1.1.100.202309141235/tools/bin/../lib/gcc/arm-none-eabi/11.3.1/../../../../arm-none-eabi/lib/thumb/v7e-m/nofp\libc_nano.a(libc_a-mallocr.o)
                0x0000000008008b28                _malloc_r
 .text.__malloc_lock
                0x0000000008008c28        0xc C:/ST/STM32CubeIDE_1.14.0/STM32CubeIDE/plugins/com.st.stm32cube.ide.mcu.externaltools.gnu-tools-for-stm32.11.3.rel1.win32_1.1.100.202309141235/tools/bin/../lib/gcc/arm-none-eabi/11.3.1/../../../../arm-none-eabi/lib/thumb/v7e-m/nofp\libc_nano.a(libc_a-mlock.o)
                0x0000000008008c28                __malloc_lock
 .text.__malloc_unlock
                0x0000000008008c34        0xc C:/ST/STM32CubeIDE_1.14.0/STM32CubeIDE/plugins/com.st.stm32cube.ide.mcu.externaltools.gnu-tools-for-stm32.11.3.rel1.win32_1.1.100.202309141235/tools/bin/../lib/gcc/arm-none-eabi/11.3.1/../../../../arm-none-eabi/lib/thumb/v7e-m/nofp\libc_nano.a(libc_a-mlock.o)
                0x0000000008008c34                __malloc_unlock
 .text._malloc_usable_size_r
                0x0000000008008c40       0x10 C:/ST/STM32CubeIDE_1.14.0/STM32CubeIDE/plugins/com.st.stm32cube.ide.mcu.externaltools.gnu-tools-for-stm32.11.3.rel1.win32_1.1.100.202309141235/tools/bin/../lib/gcc/arm-none-eabi/11.3.1/../../../../arm-none-eabi/lib/thumb/v7e-m/nofp\libc_nano.a(libc_a-msizer.o)
                0x0000000008008c40                _malloc_usable_size_r
 .text._sbrk_r  0x0000000008008c50       0x20 C:/ST/STM32CubeIDE_1.14.0/STM32CubeIDE/plugins/com.st.stm32cube.ide.mcu.externaltools.gnu-tools-for-stm32.11.3.rel1.win32_1.1.100.202309141235/tools/bin/../lib/gcc/arm-none-eabi/11.3.1/../../../../arm-none-eabi/lib/thumb/v7e-m/nofp\libc_nano.a(libc_a-sbrkr.o)
                0x0000000008008c50                _sbrk_r
 *(.glue_7)
 .glue_7        0x0000000008008c70        0x0 linker stubs
 *(.glue_7t)
 .glue_7t       0x0000000008008c70        0x0 linker stubs
 *(.eh_frame)
 .eh_frame      0x0000000008008c70        0x0 C:/ST/STM32CubeIDE_1.14.0/STM32CubeIDE/plugins/com.st.stm32cube.ide.mcu.externaltools.gnu-tools-for-stm32.11.3.rel1.win32_1.1.100.202309141235/tools/bin/../lib/gcc/arm-none-eabi/11.3.1/thumb/v7e-m/nofp/crtbegin.o
 *(.init)
 .init          0x0000000008008c70        0x4 C:/ST/STM32CubeIDE_1.14.0/STM32CubeIDE/plugins/com.st.stm32cube.ide.mcu.externaltools.gnu-tools-for-stm32.11.3.rel1.win32_1.1.100.202309141235/tools/bin/../lib/gcc/arm-none-eabi/11.3.1/thumb/v7e-m/nofp/crti.o
                0x0000000008008c70                _init
 .init          0x0000000008008c74        0x8 C:/ST/STM32CubeIDE_1.14.0/STM32CubeIDE/plugins/com.st.stm32cube.ide.mcu.externaltools.gnu-tools-for-stm32.11.3.rel1.win32_1.1.100.202309141235/tools/bin/../lib/gcc/arm-none-eabi/11.3.1/thumb/v7e-m/nofp/crtn.o
 *(.fini)
 .fini          0x0000000008008c7c        0x4 C:/ST/STM32CubeIDE_1.14.0/STM32CubeIDE/plugins/com.st.stm32cube.ide.mcu.externaltools.gnu-tools-for-stm32.11.3.rel1.win32_1.1.100.202309141235/tools/bin/../lib/gcc/arm-none-eabi/11.3.1/thumb/v7e-m/nofp/crti.o
                0x0000000008008c7c                _fini
 .fini          0x0000000008008c80        0x8 C:/ST/STM32CubeIDE_1.14.0/STM32CubeIDE/plugins/com.st.stm32cube.ide.mcu.externaltools.gnu-tools-for-stm32.11.3.rel1.win32_1.1.100.202309141235/tools/bin/../lib/gcc/arm-none-eabi/11.3.1/thumb/v7e-m/nofp/crtn.o
                0x0000000008008c88                . = ALIGN (0x4)
                0x0000000008008c88                _etext = .

.vfp11_veneer   0x0000000008008c88        0x0
 .vfp11_veneer  0x0000000008008c88        0x0 linker stubs

.v4_bx          0x0000000008008c88        0x0
 .v4_bx         0x0000000008008c88        0x0 linker stubs

.iplt           0x0000000008008c88        0x0
 .iplt          0x0000000008008c88        0x0 C:/ST/STM32CubeIDE_1.14.0/STM32CubeIDE/plugins/com.st.stm32cube.ide.mcu.externaltools.gnu-tools-for-stm32.11.3.rel1.win32_1.1.100.202309141235/tools/bin/../lib/gcc/arm-none-eabi/11.3.1/thumb/v7e-m/nofp/crtbegin.o

.rodata         0x0000000008008c88      0x3b0
                0x0000000008008c88                . = ALIGN (0x4)
 *(.rodata)
 .rodata        0x0000000008008c88      0x22b ./Core/Src/publishernode.o
 *(.rodata*)
 *fill*         0x0000000008008eb3        0x1 
 .rodata._ZN14rosserial_msgsL12REQUESTPARAME
                0x0000000008008eb4       0x1c ./Core/Src/publishernode.o
 .rodata._ZTVN3ros10SubscriberIN8std_msgs15Int16MultiArrayEvEE
                0x0000000008008ed0       0x18 ./Core/Src/publishernode.o
                0x0000000008008ed0                vtable for ros::Subscriber<std_msgs::Int16MultiArray, void>
 .rodata._ZTVN3ros10SubscriberIN8std_msgs5Int16EvEE
                0x0000000008008ee8       0x18 ./Core/Src/publishernode.o
                0x0000000008008ee8                vtable for ros::Subscriber<std_msgs::Int16, void>
 .rodata._ZTVN3ros11NodeHandle_I13STM32HardwareLi25ELi25ELi2048ELi2048EEE
                0x0000000008008f00       0x14 ./Core/Src/publishernode.o
                0x0000000008008f00                vtable for ros::NodeHandle_<STM32Hardware, 25, 25, 2048, 2048>
 .rodata._ZTVN8std_msgs15Int16MultiArrayE
                0x0000000008008f14       0x18 ./Core/Src/publishernode.o
                0x0000000008008f14                vtable for std_msgs::Int16MultiArray
 .rodata._ZTVN8std_msgs16MultiArrayLayoutE
                0x0000000008008f2c       0x18 ./Core/Src/publishernode.o
                0x0000000008008f2c                vtable for std_msgs::MultiArrayLayout
 .rodata._ZTVN8std_msgs19MultiArrayDimensionE
                0x0000000008008f44       0x18 ./Core/Src/publishernode.o
                0x0000000008008f44                vtable for std_msgs::MultiArrayDimension
 .rodata._ZTVN8std_msgs5Int16E
                0x0000000008008f5c       0x18 ./Core/Src/publishernode.o
                0x0000000008008f5c                vtable for std_msgs::Int16
 .rodata._ZTVN3ros11Subscriber_E
                0x0000000008008f74       0x18 ./Core/Src/publishernode.o
                0x0000000008008f74                vtable for ros::Subscriber_
 .rodata._ZTVN3ros15NodeHandleBase_E
                0x0000000008008f8c       0x14 ./Core/Src/publishernode.o
                0x0000000008008f8c                vtable for ros::NodeHandleBase_
 .rodata._ZTVN14rosserial_msgs20RequestParamResponseE
                0x0000000008008fa0       0x18 ./Core/Src/publishernode.o
                0x0000000008008fa0                vtable for rosserial_msgs::RequestParamResponse
 .rodata._ZTVN14rosserial_msgs3LogE
                0x0000000008008fb8       0x18 ./Core/Src/publishernode.o
                0x0000000008008fb8                vtable for rosserial_msgs::Log
 .rodata._ZTVN14rosserial_msgs9TopicInfoE
                0x0000000008008fd0       0x18 ./Core/Src/publishernode.o
                0x0000000008008fd0                vtable for rosserial_msgs::TopicInfo
 .rodata._ZTVN8std_msgs4TimeE
                0x0000000008008fe8       0x18 ./Core/Src/publishernode.o
                0x0000000008008fe8                vtable for std_msgs::Time
 .rodata._ZTVN3ros3MsgE
                0x0000000008009000       0x18 ./Core/Src/publishernode.o
                0x0000000008009000                vtable for ros::Msg
 .rodata.AHBPrescTable
                0x0000000008009018       0x10 ./Core/Src/system_stm32f4xx.o
                0x0000000008009018                AHBPrescTable
 .rodata.APBPrescTable
                0x0000000008009028        0x8 ./Core/Src/system_stm32f4xx.o
                0x0000000008009028                APBPrescTable
 .rodata.flagBitshiftOffset.0
                0x0000000008009030        0x8 ./Drivers/STM32F4xx_HAL_Driver/Src/stm32f4xx_hal_dma.o
                0x0000000008009038                . = ALIGN (0x4)

.ARM.extab      0x0000000008009038        0x0
                0x0000000008009038                . = ALIGN (0x4)
 *(.ARM.extab* .gnu.linkonce.armextab.*)
                0x0000000008009038                . = ALIGN (0x4)

.ARM            0x0000000008009038        0x8
                0x0000000008009038                . = ALIGN (0x4)
                0x0000000008009038                __exidx_start = .
 *(.ARM.exidx*)
 .ARM.exidx     0x0000000008009038        0x8 C:/ST/STM32CubeIDE_1.14.0/STM32CubeIDE/plugins/com.st.stm32cube.ide.mcu.externaltools.gnu-tools-for-stm32.11.3.rel1.win32_1.1.100.202309141235/tools/bin/../lib/gcc/arm-none-eabi/11.3.1/thumb/v7e-m/nofp\libgcc.a(_udivmoddi4.o)
                0x0000000008009040                __exidx_end = .
                0x0000000008009040                . = ALIGN (0x4)

.rel.dyn        0x0000000008009040        0x0
 .rel.iplt      0x0000000008009040        0x0 C:/ST/STM32CubeIDE_1.14.0/STM32CubeIDE/plugins/com.st.stm32cube.ide.mcu.externaltools.gnu-tools-for-stm32.11.3.rel1.win32_1.1.100.202309141235/tools/bin/../lib/gcc/arm-none-eabi/11.3.1/thumb/v7e-m/nofp/crtbegin.o

.preinit_array  0x0000000008009040        0x0
                0x0000000008009040                . = ALIGN (0x4)
                0x0000000008009040                PROVIDE (__preinit_array_start = .)
 *(.preinit_array*)
                0x0000000008009040                PROVIDE (__preinit_array_end = .)
                0x0000000008009040                . = ALIGN (0x4)

.init_array     0x0000000008009040        0x8
                0x0000000008009040                . = ALIGN (0x4)
                0x0000000008009040                PROVIDE (__init_array_start = .)
 *(SORT_BY_NAME(.init_array.*))
 *(.init_array*)
 .init_array    0x0000000008009040        0x4 C:/ST/STM32CubeIDE_1.14.0/STM32CubeIDE/plugins/com.st.stm32cube.ide.mcu.externaltools.gnu-tools-for-stm32.11.3.rel1.win32_1.1.100.202309141235/tools/bin/../lib/gcc/arm-none-eabi/11.3.1/thumb/v7e-m/nofp/crtbegin.o
 .init_array    0x0000000008009044        0x4 ./Core/Src/publishernode.o
                0x0000000008009048                PROVIDE (__init_array_end = .)
                0x0000000008009048                . = ALIGN (0x4)

.fini_array     0x0000000008009048        0x4
                0x0000000008009048                . = ALIGN (0x4)
                [!provide]                        PROVIDE (__fini_array_start = .)
 *(SORT_BY_NAME(.fini_array.*))
 *(.fini_array*)
 .fini_array    0x0000000008009048        0x4 C:/ST/STM32CubeIDE_1.14.0/STM32CubeIDE/plugins/com.st.stm32cube.ide.mcu.externaltools.gnu-tools-for-stm32.11.3.rel1.win32_1.1.100.202309141235/tools/bin/../lib/gcc/arm-none-eabi/11.3.1/thumb/v7e-m/nofp/crtbegin.o
                [!provide]                        PROVIDE (__fini_array_end = .)
                0x000000000800904c                . = ALIGN (0x4)
                0x000000000800904c                _sidata = LOADADDR (.data)

.data           0x0000000020000000       0x8c load address 0x000000000800904c
                0x0000000020000000                . = ALIGN (0x4)
                0x0000000020000000                _sdata = .
 *(.data)
 *(.data*)
 .data.pwm1     0x0000000020000000        0xc ./Core/Src/main.o
                0x0000000020000000                pwm1
 .data.pwm2     0x000000002000000c        0xc ./Core/Src/main.o
                0x000000002000000c                pwm2
 .data.pwm3     0x0000000020000018        0xc ./Core/Src/main.o
                0x0000000020000018                pwm3
 .data.pwm4     0x0000000020000024        0xc ./Core/Src/main.o
                0x0000000020000024                pwm4
 .data.SystemCoreClock
                0x0000000020000030        0x4 ./Core/Src/system_stm32f4xx.o
                0x0000000020000030                SystemCoreClock
 .data.uwTickPrio
                0x0000000020000034        0x4 ./Drivers/STM32F4xx_HAL_Driver/Src/stm32f4xx_hal.o
                0x0000000020000034                uwTickPrio
 .data.uwTickFreq
                0x0000000020000038        0x1 ./Drivers/STM32F4xx_HAL_Driver/Src/stm32f4xx_hal.o
                0x0000000020000038                uwTickFreq
 *fill*         0x0000000020000039        0x3 
 .data._impure_data
                0x000000002000003c       0x4c C:/ST/STM32CubeIDE_1.14.0/STM32CubeIDE/plugins/com.st.stm32cube.ide.mcu.externaltools.gnu-tools-for-stm32.11.3.rel1.win32_1.1.100.202309141235/tools/bin/../lib/gcc/arm-none-eabi/11.3.1/../../../../arm-none-eabi/lib/thumb/v7e-m/nofp\libc_nano.a(libc_a-impure.o)
                0x000000002000003c                _impure_data
 .data._impure_ptr
                0x0000000020000088        0x4 C:/ST/STM32CubeIDE_1.14.0/STM32CubeIDE/plugins/com.st.stm32cube.ide.mcu.externaltools.gnu-tools-for-stm32.11.3.rel1.win32_1.1.100.202309141235/tools/bin/../lib/gcc/arm-none-eabi/11.3.1/../../../../arm-none-eabi/lib/thumb/v7e-m/nofp\libc_nano.a(libc_a-impure.o)
                0x0000000020000088                _impure_ptr
 *(.RamFunc)
 *(.RamFunc*)
                0x000000002000008c                . = ALIGN (0x4)
                0x000000002000008c                _edata = .

.igot.plt       0x000000002000008c        0x0 load address 0x00000000080090d8
 .igot.plt      0x000000002000008c        0x0 C:/ST/STM32CubeIDE_1.14.0/STM32CubeIDE/plugins/com.st.stm32cube.ide.mcu.externaltools.gnu-tools-for-stm32.11.3.rel1.win32_1.1.100.202309141235/tools/bin/../lib/gcc/arm-none-eabi/11.3.1/thumb/v7e-m/nofp/crtbegin.o
                0x000000002000008c                . = ALIGN (0x4)

.bss            0x0000000020000090     0x2498 load address 0x00000000080090d8
                0x0000000020000090                _sbss = .
                0x0000000020000090                __bss_start__ = _sbss
 *(.bss)
 .bss           0x0000000020000090       0x1c C:/ST/STM32CubeIDE_1.14.0/STM32CubeIDE/plugins/com.st.stm32cube.ide.mcu.externaltools.gnu-tools-for-stm32.11.3.rel1.win32_1.1.100.202309141235/tools/bin/../lib/gcc/arm-none-eabi/11.3.1/thumb/v7e-m/nofp/crtbegin.o
 *(.bss*)
 .bss.huart1    0x00000000200000ac       0x44 ./Core/Src/main.o
                0x00000000200000ac                huart1
 .bss.hdma_usart1_rx
                0x00000000200000f0       0x60 ./Core/Src/main.o
                0x00000000200000f0                hdma_usart1_rx
 .bss.hdma_usart1_tx
                0x0000000020000150       0x60 ./Core/Src/main.o
                0x0000000020000150                hdma_usart1_tx
 .bss.received_value
                0x00000000200001b0        0x2 ./Core/Src/main.o
                0x00000000200001b0                received_value
 .bss.position1
                0x00000000200001b2        0x2 ./Core/Src/main.o
                0x00000000200001b2                position1
 .bss.position2
                0x00000000200001b4        0x2 ./Core/Src/main.o
                0x00000000200001b4                position2
 .bss.position3
                0x00000000200001b6        0x2 ./Core/Src/main.o
                0x00000000200001b6                position3
 .bss.position4
                0x00000000200001b8        0x2 ./Core/Src/main.o
                0x00000000200001b8                position4
 *fill*         0x00000000200001ba        0x2 
 .bss.c_millis  0x00000000200001bc        0x4 ./Core/Src/main.o
                0x00000000200001bc                c_millis
 .bss.prev_t1   0x00000000200001c0        0x4 ./Core/Src/main.o
                0x00000000200001c0                prev_t1
 .bss.prev_t2   0x00000000200001c4        0x4 ./Core/Src/main.o
                0x00000000200001c4                prev_t2
 .bss.prev_t3   0x00000000200001c8        0x4 ./Core/Src/main.o
                0x00000000200001c8                prev_t3
 .bss.prev_t4   0x00000000200001cc        0x4 ./Core/Src/main.o
                0x00000000200001cc                prev_t4
 .bss.speed1    0x00000000200001d0        0x8 ./Core/Src/main.o
                0x00000000200001d0                speed1
 .bss.speed2    0x00000000200001d8        0x8 ./Core/Src/main.o
                0x00000000200001d8                speed2
 .bss.speed3    0x00000000200001e0        0x8 ./Core/Src/main.o
                0x00000000200001e0                speed3
 .bss.speed4    0x00000000200001e8        0x8 ./Core/Src/main.o
                0x00000000200001e8                speed4
 .bss.speeds    0x00000000200001f0        0x8 ./Core/Src/main.o
                0x00000000200001f0                speeds
 .bss.serial    0x00000000200001f8     0x100c ./Core/Src/publishernode.o
                0x00000000200001f8                serial
 .bss.nh        0x0000000020001204     0x1130 ./Core/Src/publishernode.o
                0x0000000020001204                nh
 .bss.arr_msg   0x0000000020002334       0x30 ./Core/Src/publishernode.o
                0x0000000020002334                arr_msg
 .bss.pub       0x0000000020002364       0x14 ./Core/Src/publishernode.o
                0x0000000020002364                pub
 .bss.sub       0x0000000020002378       0x1c ./Core/Src/publishernode.o
                0x0000000020002378                sub
 .bss.sub_2     0x0000000020002394       0x44 ./Core/Src/publishernode.o
                0x0000000020002394                sub_2
 .bss.__sbrk_heap_end
                0x00000000200023d8        0x4 ./Core/Src/sysmem.o
 .bss.uwTick    0x00000000200023dc        0x4 ./Drivers/STM32F4xx_HAL_Driver/Src/stm32f4xx_hal.o
                0x00000000200023dc                uwTick
 .bss.__sf      0x00000000200023e0      0x138 C:/ST/STM32CubeIDE_1.14.0/STM32CubeIDE/plugins/com.st.stm32cube.ide.mcu.externaltools.gnu-tools-for-stm32.11.3.rel1.win32_1.1.100.202309141235/tools/bin/../lib/gcc/arm-none-eabi/11.3.1/../../../../arm-none-eabi/lib/thumb/v7e-m/nofp\libc_nano.a(libc_a-findfp.o)
                0x00000000200023e0                __sf
 .bss.errno     0x0000000020002518        0x4 C:/ST/STM32CubeIDE_1.14.0/STM32CubeIDE/plugins/com.st.stm32cube.ide.mcu.externaltools.gnu-tools-for-stm32.11.3.rel1.win32_1.1.100.202309141235/tools/bin/../lib/gcc/arm-none-eabi/11.3.1/../../../../arm-none-eabi/lib/thumb/v7e-m/nofp\libc_nano.a(libc_a-reent.o)
                0x0000000020002518                errno
 .bss.__lock___malloc_recursive_mutex
                0x000000002000251c        0x1 C:/ST/STM32CubeIDE_1.14.0/STM32CubeIDE/plugins/com.st.stm32cube.ide.mcu.externaltools.gnu-tools-for-stm32.11.3.rel1.win32_1.1.100.202309141235/tools/bin/../lib/gcc/arm-none-eabi/11.3.1/../../../../arm-none-eabi/lib/thumb/v7e-m/nofp\libc_nano.a(libc_a-lock.o)
                0x000000002000251c                __lock___malloc_recursive_mutex
 *fill*         0x000000002000251d        0x3 
 .bss.__malloc_free_list
                0x0000000020002520        0x4 C:/ST/STM32CubeIDE_1.14.0/STM32CubeIDE/plugins/com.st.stm32cube.ide.mcu.externaltools.gnu-tools-for-stm32.11.3.rel1.win32_1.1.100.202309141235/tools/bin/../lib/gcc/arm-none-eabi/11.3.1/../../../../arm-none-eabi/lib/thumb/v7e-m/nofp\libc_nano.a(libc_a-mallocr.o)
                0x0000000020002520                __malloc_free_list
 .bss.__malloc_sbrk_start
                0x0000000020002524        0x4 C:/ST/STM32CubeIDE_1.14.0/STM32CubeIDE/plugins/com.st.stm32cube.ide.mcu.externaltools.gnu-tools-for-stm32.11.3.rel1.win32_1.1.100.202309141235/tools/bin/../lib/gcc/arm-none-eabi/11.3.1/../../../../arm-none-eabi/lib/thumb/v7e-m/nofp\libc_nano.a(libc_a-mallocr.o)
                0x0000000020002524                __malloc_sbrk_start
 *(COMMON)
                0x0000000020002528                . = ALIGN (0x4)
                0x0000000020002528                _ebss = .
                0x0000000020002528                __bss_end__ = _ebss

._user_heap_stack
                0x0000000020002528      0x600 load address 0x00000000080090d8
                0x0000000020002528                . = ALIGN (0x8)
                [!provide]                        PROVIDE (end = .)
                0x0000000020002528                PROVIDE (_end = .)
                0x0000000020002728                . = (. + _Min_Heap_Size)
 *fill*         0x0000000020002528      0x200 
                0x0000000020002b28                . = (. + _Min_Stack_Size)
 *fill*         0x0000000020002728      0x400 
                0x0000000020002b28                . = ALIGN (0x8)

/DISCARD/
 libc.a(*)
 libm.a(*)
 libgcc.a(*)

.ARM.attributes
                0x0000000000000000       0x2a
 *(.ARM.attributes)
 .ARM.attributes
                0x0000000000000000       0x1e C:/ST/STM32CubeIDE_1.14.0/STM32CubeIDE/plugins/com.st.stm32cube.ide.mcu.externaltools.gnu-tools-for-stm32.11.3.rel1.win32_1.1.100.202309141235/tools/bin/../lib/gcc/arm-none-eabi/11.3.1/thumb/v7e-m/nofp/crti.o
 .ARM.attributes
                0x000000000000001e       0x2e C:/ST/STM32CubeIDE_1.14.0/STM32CubeIDE/plugins/com.st.stm32cube.ide.mcu.externaltools.gnu-tools-for-stm32.11.3.rel1.win32_1.1.100.202309141235/tools/bin/../lib/gcc/arm-none-eabi/11.3.1/thumb/v7e-m/nofp/crtbegin.o
 .ARM.attributes
                0x000000000000004c       0x2e ./Core/Src/Timer.o
 .ARM.attributes
                0x000000000000007a       0x2e ./Core/Src/gpio.o
 .ARM.attributes
                0x00000000000000a8       0x2e ./Core/Src/main.o
 .ARM.attributes
                0x00000000000000d6       0x2e ./Core/Src/mec_move.o
 .ARM.attributes
                0x0000000000000104       0x2e ./Core/Src/publishernode.o
 .ARM.attributes
                0x0000000000000132       0x2e ./Core/Src/stm32f4xx_hal_msp.o
 .ARM.attributes
                0x0000000000000160       0x2e ./Core/Src/stm32f4xx_it.o
 .ARM.attributes
                0x000000000000018e       0x2e ./Core/Src/sysmem.o
 .ARM.attributes
                0x00000000000001bc       0x2e ./Core/Src/system_stm32f4xx.o
 .ARM.attributes
                0x00000000000001ea       0x21 ./Core/Startup/startup_stm32f401rctx.o
 .ARM.attributes
                0x000000000000020b       0x2e ./Drivers/STM32F4xx_HAL_Driver/Src/stm32f4xx_hal.o
 .ARM.attributes
                0x0000000000000239       0x2e ./Drivers/STM32F4xx_HAL_Driver/Src/stm32f4xx_hal_cortex.o
 .ARM.attributes
                0x0000000000000267       0x2e ./Drivers/STM32F4xx_HAL_Driver/Src/stm32f4xx_hal_dma.o
 .ARM.attributes
                0x0000000000000295       0x2e ./Drivers/STM32F4xx_HAL_Driver/Src/stm32f4xx_hal_gpio.o
 .ARM.attributes
                0x00000000000002c3       0x2e ./Drivers/STM32F4xx_HAL_Driver/Src/stm32f4xx_hal_rcc.o
 .ARM.attributes
                0x00000000000002f1       0x2e ./Drivers/STM32F4xx_HAL_Driver/Src/stm32f4xx_hal_uart.o
 .ARM.attributes
                0x000000000000031f       0x2e C:/ST/STM32CubeIDE_1.14.0/STM32CubeIDE/plugins/com.st.stm32cube.ide.mcu.externaltools.gnu-tools-for-stm32.11.3.rel1.win32_1.1.100.202309141235/tools/bin/../lib/gcc/arm-none-eabi/11.3.1/../../../../arm-none-eabi/lib/thumb/v7e-m/nofp\libc_nano.a(libc_a-realloc.o)
 .ARM.attributes
                0x000000000000034d       0x2e C:/ST/STM32CubeIDE_1.14.0/STM32CubeIDE/plugins/com.st.stm32cube.ide.mcu.externaltools.gnu-tools-for-stm32.11.3.rel1.win32_1.1.100.202309141235/tools/bin/../lib/gcc/arm-none-eabi/11.3.1/../../../../arm-none-eabi/lib/thumb/v7e-m/nofp\libc_nano.a(libc_a-reallocr.o)
 .ARM.attributes
                0x000000000000037b       0x2e C:/ST/STM32CubeIDE_1.14.0/STM32CubeIDE/plugins/com.st.stm32cube.ide.mcu.externaltools.gnu-tools-for-stm32.11.3.rel1.win32_1.1.100.202309141235/tools/bin/../lib/gcc/arm-none-eabi/11.3.1/../../../../arm-none-eabi/lib/thumb/v7e-m/nofp\libc_nano.a(libc_a-findfp.o)
 .ARM.attributes
                0x00000000000003a9       0x2e C:/ST/STM32CubeIDE_1.14.0/STM32CubeIDE/plugins/com.st.stm32cube.ide.mcu.externaltools.gnu-tools-for-stm32.11.3.rel1.win32_1.1.100.202309141235/tools/bin/../lib/gcc/arm-none-eabi/11.3.1/../../../../arm-none-eabi/lib/thumb/v7e-m/nofp\libc_nano.a(libc_a-memset.o)
 .ARM.attributes
                0x00000000000003d7       0x2e C:/ST/STM32CubeIDE_1.14.0/STM32CubeIDE/plugins/com.st.stm32cube.ide.mcu.externaltools.gnu-tools-for-stm32.11.3.rel1.win32_1.1.100.202309141235/tools/bin/../lib/gcc/arm-none-eabi/11.3.1/../../../../arm-none-eabi/lib/thumb/v7e-m/nofp\libc_nano.a(libc_a-reent.o)
 .ARM.attributes
                0x0000000000000405       0x2e C:/ST/STM32CubeIDE_1.14.0/STM32CubeIDE/plugins/com.st.stm32cube.ide.mcu.externaltools.gnu-tools-for-stm32.11.3.rel1.win32_1.1.100.202309141235/tools/bin/../lib/gcc/arm-none-eabi/11.3.1/../../../../arm-none-eabi/lib/thumb/v7e-m/nofp\libc_nano.a(libc_a-impure.o)
 .ARM.attributes
                0x0000000000000433       0x2e C:/ST/STM32CubeIDE_1.14.0/STM32CubeIDE/plugins/com.st.stm32cube.ide.mcu.externaltools.gnu-tools-for-stm32.11.3.rel1.win32_1.1.100.202309141235/tools/bin/../lib/gcc/arm-none-eabi/11.3.1/../../../../arm-none-eabi/lib/thumb/v7e-m/nofp\libc_nano.a(libc_a-errno.o)
 .ARM.attributes
                0x0000000000000461       0x2e C:/ST/STM32CubeIDE_1.14.0/STM32CubeIDE/plugins/com.st.stm32cube.ide.mcu.externaltools.gnu-tools-for-stm32.11.3.rel1.win32_1.1.100.202309141235/tools/bin/../lib/gcc/arm-none-eabi/11.3.1/../../../../arm-none-eabi/lib/thumb/v7e-m/nofp\libc_nano.a(libc_a-init.o)
 .ARM.attributes
                0x000000000000048f       0x2e C:/ST/STM32CubeIDE_1.14.0/STM32CubeIDE/plugins/com.st.stm32cube.ide.mcu.externaltools.gnu-tools-for-stm32.11.3.rel1.win32_1.1.100.202309141235/tools/bin/../lib/gcc/arm-none-eabi/11.3.1/../../../../arm-none-eabi/lib/thumb/v7e-m/nofp\libc_nano.a(libc_a-lock.o)
 .ARM.attributes
                0x00000000000004bd       0x2e C:/ST/STM32CubeIDE_1.14.0/STM32CubeIDE/plugins/com.st.stm32cube.ide.mcu.externaltools.gnu-tools-for-stm32.11.3.rel1.win32_1.1.100.202309141235/tools/bin/../lib/gcc/arm-none-eabi/11.3.1/../../../../arm-none-eabi/lib/thumb/v7e-m/nofp\libc_nano.a(libc_a-memcpy-stub.o)
 .ARM.attributes
                0x00000000000004eb       0x17 C:/ST/STM32CubeIDE_1.14.0/STM32CubeIDE/plugins/com.st.stm32cube.ide.mcu.externaltools.gnu-tools-for-stm32.11.3.rel1.win32_1.1.100.202309141235/tools/bin/../lib/gcc/arm-none-eabi/11.3.1/../../../../arm-none-eabi/lib/thumb/v7e-m/nofp\libc_nano.a(libc_a-strlen.o)
 .ARM.attributes
                0x0000000000000502       0x2e C:/ST/STM32CubeIDE_1.14.0/STM32CubeIDE/plugins/com.st.stm32cube.ide.mcu.externaltools.gnu-tools-for-stm32.11.3.rel1.win32_1.1.100.202309141235/tools/bin/../lib/gcc/arm-none-eabi/11.3.1/../../../../arm-none-eabi/lib/thumb/v7e-m/nofp\libc_nano.a(libc_a-freer.o)
 .ARM.attributes
                0x0000000000000530       0x2e C:/ST/STM32CubeIDE_1.14.0/STM32CubeIDE/plugins/com.st.stm32cube.ide.mcu.externaltools.gnu-tools-for-stm32.11.3.rel1.win32_1.1.100.202309141235/tools/bin/../lib/gcc/arm-none-eabi/11.3.1/../../../../arm-none-eabi/lib/thumb/v7e-m/nofp\libc_nano.a(libc_a-mallocr.o)
 .ARM.attributes
                0x000000000000055e       0x2e C:/ST/STM32CubeIDE_1.14.0/STM32CubeIDE/plugins/com.st.stm32cube.ide.mcu.externaltools.gnu-tools-for-stm32.11.3.rel1.win32_1.1.100.202309141235/tools/bin/../lib/gcc/arm-none-eabi/11.3.1/../../../../arm-none-eabi/lib/thumb/v7e-m/nofp\libc_nano.a(libc_a-mlock.o)
 .ARM.attributes
                0x000000000000058c       0x2e C:/ST/STM32CubeIDE_1.14.0/STM32CubeIDE/plugins/com.st.stm32cube.ide.mcu.externaltools.gnu-tools-for-stm32.11.3.rel1.win32_1.1.100.202309141235/tools/bin/../lib/gcc/arm-none-eabi/11.3.1/../../../../arm-none-eabi/lib/thumb/v7e-m/nofp\libc_nano.a(libc_a-msizer.o)
 .ARM.attributes
                0x00000000000005ba       0x2e C:/ST/STM32CubeIDE_1.14.0/STM32CubeIDE/plugins/com.st.stm32cube.ide.mcu.externaltools.gnu-tools-for-stm32.11.3.rel1.win32_1.1.100.202309141235/tools/bin/../lib/gcc/arm-none-eabi/11.3.1/../../../../arm-none-eabi/lib/thumb/v7e-m/nofp\libc_nano.a(libc_a-sbrkr.o)
 .ARM.attributes
                0x00000000000005e8       0x1e C:/ST/STM32CubeIDE_1.14.0/STM32CubeIDE/plugins/com.st.stm32cube.ide.mcu.externaltools.gnu-tools-for-stm32.11.3.rel1.win32_1.1.100.202309141235/tools/bin/../lib/gcc/arm-none-eabi/11.3.1/thumb/v7e-m/nofp\libgcc.a(_arm_addsubdf3.o)
 .ARM.attributes
                0x0000000000000606       0x1e C:/ST/STM32CubeIDE_1.14.0/STM32CubeIDE/plugins/com.st.stm32cube.ide.mcu.externaltools.gnu-tools-for-stm32.11.3.rel1.win32_1.1.100.202309141235/tools/bin/../lib/gcc/arm-none-eabi/11.3.1/thumb/v7e-m/nofp\libgcc.a(_arm_muldivdf3.o)
 .ARM.attributes
                0x0000000000000624       0x1e C:/ST/STM32CubeIDE_1.14.0/STM32CubeIDE/plugins/com.st.stm32cube.ide.mcu.externaltools.gnu-tools-for-stm32.11.3.rel1.win32_1.1.100.202309141235/tools/bin/../lib/gcc/arm-none-eabi/11.3.1/thumb/v7e-m/nofp\libgcc.a(_arm_fixunsdfsi.o)
 .ARM.attributes
                0x0000000000000642       0x1e C:/ST/STM32CubeIDE_1.14.0/STM32CubeIDE/plugins/com.st.stm32cube.ide.mcu.externaltools.gnu-tools-for-stm32.11.3.rel1.win32_1.1.100.202309141235/tools/bin/../lib/gcc/arm-none-eabi/11.3.1/thumb/v7e-m/nofp\libgcc.a(_aeabi_uldivmod.o)
 .ARM.attributes
                0x0000000000000660       0x2e C:/ST/STM32CubeIDE_1.14.0/STM32CubeIDE/plugins/com.st.stm32cube.ide.mcu.externaltools.gnu-tools-for-stm32.11.3.rel1.win32_1.1.100.202309141235/tools/bin/../lib/gcc/arm-none-eabi/11.3.1/thumb/v7e-m/nofp\libgcc.a(_udivmoddi4.o)
 .ARM.attributes
                0x000000000000068e       0x1e C:/ST/STM32CubeIDE_1.14.0/STM32CubeIDE/plugins/com.st.stm32cube.ide.mcu.externaltools.gnu-tools-for-stm32.11.3.rel1.win32_1.1.100.202309141235/tools/bin/../lib/gcc/arm-none-eabi/11.3.1/thumb/v7e-m/nofp\libgcc.a(_dvmd_tls.o)
 .ARM.attributes
                0x00000000000006ac       0x1e C:/ST/STM32CubeIDE_1.14.0/STM32CubeIDE/plugins/com.st.stm32cube.ide.mcu.externaltools.gnu-tools-for-stm32.11.3.rel1.win32_1.1.100.202309141235/tools/bin/../lib/gcc/arm-none-eabi/11.3.1/thumb/v7e-m/nofp/crtn.o
OUTPUT(sudo.elf elf32-littlearm)
LOAD linker stubs
LOAD C:/ST/STM32CubeIDE_1.14.0/STM32CubeIDE/plugins/com.st.stm32cube.ide.mcu.externaltools.gnu-tools-for-stm32.11.3.rel1.win32_1.1.100.202309141235/tools/bin/../lib/gcc/arm-none-eabi/11.3.1/../../../../arm-none-eabi/lib/thumb/v7e-m/nofp\libc.a
LOAD C:/ST/STM32CubeIDE_1.14.0/STM32CubeIDE/plugins/com.st.stm32cube.ide.mcu.externaltools.gnu-tools-for-stm32.11.3.rel1.win32_1.1.100.202309141235/tools/bin/../lib/gcc/arm-none-eabi/11.3.1/../../../../arm-none-eabi/lib/thumb/v7e-m/nofp\libm.a
LOAD C:/ST/STM32CubeIDE_1.14.0/STM32CubeIDE/plugins/com.st.stm32cube.ide.mcu.externaltools.gnu-tools-for-stm32.11.3.rel1.win32_1.1.100.202309141235/tools/bin/../lib/gcc/arm-none-eabi/11.3.1/thumb/v7e-m/nofp\libgcc.a

.comment        0x0000000000000000       0x43
 .comment       0x0000000000000000       0x43 C:/ST/STM32CubeIDE_1.14.0/STM32CubeIDE/plugins/com.st.stm32cube.ide.mcu.externaltools.gnu-tools-for-stm32.11.3.rel1.win32_1.1.100.202309141235/tools/bin/../lib/gcc/arm-none-eabi/11.3.1/thumb/v7e-m/nofp/crtbegin.o
                                         0x44 (size before relaxing)
 .comment       0x0000000000000043       0x44 ./Core/Src/Timer.o
 .comment       0x0000000000000043       0x44 ./Core/Src/gpio.o
 .comment       0x0000000000000043       0x44 ./Core/Src/main.o
 .comment       0x0000000000000043       0x44 ./Core/Src/mec_move.o
 .comment       0x0000000000000043       0x44 ./Core/Src/publishernode.o
 .comment       0x0000000000000043       0x44 ./Core/Src/stm32f4xx_hal_msp.o
 .comment       0x0000000000000043       0x44 ./Core/Src/stm32f4xx_it.o
 .comment       0x0000000000000043       0x44 ./Core/Src/sysmem.o
 .comment       0x0000000000000043       0x44 ./Core/Src/system_stm32f4xx.o
 .comment       0x0000000000000043       0x44 ./Drivers/STM32F4xx_HAL_Driver/Src/stm32f4xx_hal.o
 .comment       0x0000000000000043       0x44 ./Drivers/STM32F4xx_HAL_Driver/Src/stm32f4xx_hal_cortex.o
 .comment       0x0000000000000043       0x44 ./Drivers/STM32F4xx_HAL_Driver/Src/stm32f4xx_hal_dma.o
 .comment       0x0000000000000043       0x44 ./Drivers/STM32F4xx_HAL_Driver/Src/stm32f4xx_hal_gpio.o
 .comment       0x0000000000000043       0x44 ./Drivers/STM32F4xx_HAL_Driver/Src/stm32f4xx_hal_rcc.o
 .comment       0x0000000000000043       0x44 ./Drivers/STM32F4xx_HAL_Driver/Src/stm32f4xx_hal_uart.o

.debug_info     0x0000000000000000    0x1160c
 .debug_info    0x0000000000000000      0xc7b ./Core/Src/Timer.o
 .debug_info    0x0000000000000c7b      0x9df ./Core/Src/gpio.o
 .debug_info    0x000000000000165a     0x1d20 ./Core/Src/main.o
 .debug_info    0x000000000000337a      0x578 ./Core/Src/mec_move.o
 .debug_info    0x00000000000038f2     0x667a ./Core/Src/publishernode.o
 .debug_info    0x0000000000009f6c      0xb61 ./Core/Src/stm32f4xx_hal_msp.o
 .debug_info    0x000000000000aacd      0x7de ./Core/Src/stm32f4xx_it.o
 .debug_info    0x000000000000b2ab      0x168 ./Core/Src/sysmem.o
 .debug_info    0x000000000000b413      0x35c ./Core/Src/system_stm32f4xx.o
 .debug_info    0x000000000000b76f       0x23 ./Core/Startup/startup_stm32f401rctx.o
 .debug_info    0x000000000000b792      0x8d0 ./Drivers/STM32F4xx_HAL_Driver/Src/stm32f4xx_hal.o
 .debug_info    0x000000000000c062      0xcc5 ./Drivers/STM32F4xx_HAL_Driver/Src/stm32f4xx_hal_cortex.o
 .debug_info    0x000000000000cd27      0x8fb ./Drivers/STM32F4xx_HAL_Driver/Src/stm32f4xx_hal_dma.o
 .debug_info    0x000000000000d622      0x70e ./Drivers/STM32F4xx_HAL_Driver/Src/stm32f4xx_hal_gpio.o
 .debug_info    0x000000000000dd30      0x908 ./Drivers/STM32F4xx_HAL_Driver/Src/stm32f4xx_hal_rcc.o
 .debug_info    0x000000000000e638     0x2fd4 ./Drivers/STM32F4xx_HAL_Driver/Src/stm32f4xx_hal_uart.o

.debug_abbrev   0x0000000000000000     0x2785
 .debug_abbrev  0x0000000000000000      0x23b ./Core/Src/Timer.o
 .debug_abbrev  0x000000000000023b      0x1f7 ./Core/Src/gpio.o
 .debug_abbrev  0x0000000000000432      0x376 ./Core/Src/main.o
 .debug_abbrev  0x00000000000007a8      0x17f ./Core/Src/mec_move.o
 .debug_abbrev  0x0000000000000927      0x963 ./Core/Src/publishernode.o
 .debug_abbrev  0x000000000000128a      0x20c ./Core/Src/stm32f4xx_hal_msp.o
 .debug_abbrev  0x0000000000001496      0x1cf ./Core/Src/stm32f4xx_it.o
 .debug_abbrev  0x0000000000001665       0xbc ./Core/Src/sysmem.o
 .debug_abbrev  0x0000000000001721      0x11c ./Core/Src/system_stm32f4xx.o
 .debug_abbrev  0x000000000000183d       0x12 ./Core/Startup/startup_stm32f401rctx.o
 .debug_abbrev  0x000000000000184f      0x24b ./Drivers/STM32F4xx_HAL_Driver/Src/stm32f4xx_hal.o
 .debug_abbrev  0x0000000000001a9a      0x327 ./Drivers/STM32F4xx_HAL_Driver/Src/stm32f4xx_hal_cortex.o
 .debug_abbrev  0x0000000000001dc1      0x221 ./Drivers/STM32F4xx_HAL_Driver/Src/stm32f4xx_hal_dma.o
 .debug_abbrev  0x0000000000001fe2      0x1d3 ./Drivers/STM32F4xx_HAL_Driver/Src/stm32f4xx_hal_gpio.o
 .debug_abbrev  0x00000000000021b5      0x2b5 ./Drivers/STM32F4xx_HAL_Driver/Src/stm32f4xx_hal_rcc.o
 .debug_abbrev  0x000000000000246a      0x31b ./Drivers/STM32F4xx_HAL_Driver/Src/stm32f4xx_hal_uart.o

.debug_aranges  0x0000000000000000      0xb00
 .debug_aranges
                0x0000000000000000       0x40 ./Core/Src/Timer.o
 .debug_aranges
                0x0000000000000040       0x48 ./Core/Src/gpio.o
 .debug_aranges
                0x0000000000000088       0x60 ./Core/Src/main.o
 .debug_aranges
                0x00000000000000e8       0x70 ./Core/Src/mec_move.o
 .debug_aranges
                0x0000000000000158      0x300 ./Core/Src/publishernode.o
 .debug_aranges
                0x0000000000000458       0x30 ./Core/Src/stm32f4xx_hal_msp.o
 .debug_aranges
                0x0000000000000488       0x90 ./Core/Src/stm32f4xx_it.o
 .debug_aranges
                0x0000000000000518       0x20 ./Core/Src/sysmem.o
 .debug_aranges
                0x0000000000000538       0x28 ./Core/Src/system_stm32f4xx.o
 .debug_aranges
                0x0000000000000560       0x28 ./Core/Startup/startup_stm32f401rctx.o
 .debug_aranges
                0x0000000000000588       0xf0 ./Drivers/STM32F4xx_HAL_Driver/Src/stm32f4xx_hal.o
 .debug_aranges
                0x0000000000000678      0x118 ./Drivers/STM32F4xx_HAL_Driver/Src/stm32f4xx_hal_cortex.o
 .debug_aranges
                0x0000000000000790       0x90 ./Drivers/STM32F4xx_HAL_Driver/Src/stm32f4xx_hal_dma.o
 .debug_aranges
                0x0000000000000820       0x58 ./Drivers/STM32F4xx_HAL_Driver/Src/stm32f4xx_hal_gpio.o
 .debug_aranges
                0x0000000000000878       0x88 ./Drivers/STM32F4xx_HAL_Driver/Src/stm32f4xx_hal_rcc.o
 .debug_aranges
                0x0000000000000900      0x200 ./Drivers/STM32F4xx_HAL_Driver/Src/stm32f4xx_hal_uart.o

.debug_rnglists
                0x0000000000000000      0x86d
 .debug_rnglists
                0x0000000000000000       0x2e ./Core/Src/Timer.o
 .debug_rnglists
                0x000000000000002e       0x33 ./Core/Src/gpio.o
 .debug_rnglists
                0x0000000000000061       0x49 ./Core/Src/main.o
 .debug_rnglists
                0x00000000000000aa       0x4f ./Core/Src/mec_move.o
 .debug_rnglists
                0x00000000000000f9      0x25e ./Core/Src/publishernode.o
 .debug_rnglists
                0x0000000000000357       0x20 ./Core/Src/stm32f4xx_hal_msp.o
 .debug_rnglists
                0x0000000000000377       0x67 ./Core/Src/stm32f4xx_it.o
 .debug_rnglists
                0x00000000000003de       0x13 ./Core/Src/sysmem.o
 .debug_rnglists
                0x00000000000003f1       0x1a ./Core/Src/system_stm32f4xx.o
 .debug_rnglists
                0x000000000000040b       0x19 ./Core/Startup/startup_stm32f401rctx.o
 .debug_rnglists
                0x0000000000000424       0xaf ./Drivers/STM32F4xx_HAL_Driver/Src/stm32f4xx_hal.o
 .debug_rnglists
                0x00000000000004d3       0xce ./Drivers/STM32F4xx_HAL_Driver/Src/stm32f4xx_hal_cortex.o
 .debug_rnglists
                0x00000000000005a1       0x70 ./Drivers/STM32F4xx_HAL_Driver/Src/stm32f4xx_hal_dma.o
 .debug_rnglists
                0x0000000000000611       0x3f ./Drivers/STM32F4xx_HAL_Driver/Src/stm32f4xx_hal_gpio.o
 .debug_rnglists
                0x0000000000000650       0x66 ./Drivers/STM32F4xx_HAL_Driver/Src/stm32f4xx_hal_rcc.o
 .debug_rnglists
                0x00000000000006b6      0x1b7 ./Drivers/STM32F4xx_HAL_Driver/Src/stm32f4xx_hal_uart.o

.debug_macro    0x0000000000000000     0x57c9
 .debug_macro   0x0000000000000000      0x234 ./Core/Src/Timer.o
 .debug_macro   0x0000000000000234      0x230 ./Core/Src/gpio.o
 .debug_macro   0x0000000000000464      0x34d ./Core/Src/main.o
 .debug_macro   0x00000000000007b1      0xb74 ./Core/Src/main.o
 .debug_macro   0x0000000000001325       0x1c ./Core/Src/main.o
 .debug_macro   0x0000000000001341     0x1011 ./Core/Src/main.o
 .debug_macro   0x0000000000002352      0x17b ./Core/Src/main.o
 .debug_macro   0x00000000000024cd      0x1b2 ./Core/Src/main.o
 .debug_macro   0x000000000000267f       0x10 ./Core/Src/main.o
 .debug_macro   0x000000000000268f      0x3ed ./Core/Src/main.o
 .debug_macro   0x0000000000002a7c       0x10 ./Core/Src/main.o
 .debug_macro   0x0000000000002a8c       0x24 ./Core/Src/main.o
 .debug_macro   0x0000000000002ab0       0x61 ./Core/Src/main.o
 .debug_macro   0x0000000000002b11       0x43 ./Core/Src/main.o