../Core/Src/mec_move.c:18:13:pwm_	8	static
../Core/Src/mec_move.c:30:6:backward	16	static
../Core/Src/mec_move.c:49:6:forward	16	static
../Core/Src/mec_move.c:67:6:side_left	16	static
../Core/Src/mec_move.c:85:6:side_right	16	static
../Core/Src/mec_move.c:103:6:rotate_left	16	static
../Core/Src/mec_move.c:120:6:rotate_right	16	static
../Core/Src/mec_move.c:137:6:diagonal_right_fw	16	static
../Core/Src/mec_move.c:151:6:diagonal_right_bw	16	static
../Core/Src/mec_move.c:167:6:diagonal_left_fw	16	static
../Core/Src/mec_move.c:182:6:diagonal_left_bw	16	static
