D:/Graduation Project/embedded/stm32/test3/sudo/ros_lib/ros/time.h:51:3:ros::Time::Time()	16	static
D:/Graduation Project/embedded/stm32/test3/sudo/ros_lib/ros/msg.h:45:7:constexpr ros::Msg::Msg()	16	static
D:/Graduation Project/embedded/stm32/test3/sudo/ros_lib/std_msgs/Time.h:19:5:std_msgs::Time::Time()	16	static
D:/Graduation Project/embedded/stm32/test3/sudo/ros_lib/std_msgs/Time.h:24:17:virtual int std_msgs::Time::serialize(unsigned char*) const	24	static
D:/Graduation Project/embedded/stm32/test3/sudo/ros_lib/std_msgs/Time.h:40:17:virtual int std_msgs::Time::deserialize(unsigned char*)	24	static
D:/Graduation Project/embedded/stm32/test3/sudo/ros_lib/std_msgs/Time.h:56:18:virtual const char* std_msgs::Time::getType()	16	static
D:/Graduation Project/embedded/stm32/test3/sudo/ros_lib/std_msgs/Time.h:57:18:virtual const char* std_msgs::Time::getMD5()	16	static
D:/Graduation Project/embedded/stm32/test3/sudo/ros_lib/rosserial_msgs/TopicInfo.h:34:5:rosserial_msgs::TopicInfo::TopicInfo()	16	static
D:/Graduation Project/embedded/stm32/test3/sudo/ros_lib/rosserial_msgs/TopicInfo.h:43:17:virtual int rosserial_msgs::TopicInfo::serialize(unsigned char*) const	40	static
D:/Graduation Project/embedded/stm32/test3/sudo/ros_lib/rosserial_msgs/TopicInfo.h:77:17:virtual int rosserial_msgs::TopicInfo::deserialize(unsigned char*)	48	static
D:/Graduation Project/embedded/stm32/test3/sudo/ros_lib/rosserial_msgs/TopicInfo.h:124:18:virtual const char* rosserial_msgs::TopicInfo::getType()	16	static
D:/Graduation Project/embedded/stm32/test3/sudo/ros_lib/rosserial_msgs/TopicInfo.h:125:18:virtual const char* rosserial_msgs::TopicInfo::getMD5()	16	static
D:/Graduation Project/embedded/stm32/test3/sudo/ros_lib/rosserial_msgs/Log.h:25:5:rosserial_msgs::Log::Log()	16	static
D:/Graduation Project/embedded/stm32/test3/sudo/ros_lib/rosserial_msgs/Log.h:31:17:virtual int rosserial_msgs::Log::serialize(unsigned char*) const	24	static
D:/Graduation Project/embedded/stm32/test3/sudo/ros_lib/rosserial_msgs/Log.h:44:17:virtual int rosserial_msgs::Log::deserialize(unsigned char*)	32	static
D:/Graduation Project/embedded/stm32/test3/sudo/ros_lib/rosserial_msgs/Log.h:61:18:virtual const char* rosserial_msgs::Log::getType()	16	static
D:/Graduation Project/embedded/stm32/test3/sudo/ros_lib/rosserial_msgs/Log.h:62:18:virtual const char* rosserial_msgs::Log::getMD5()	16	static
D:/Graduation Project/embedded/stm32/test3/sudo/ros_lib/rosserial_msgs/RequestParam.h:71:5:rosserial_msgs::RequestParamResponse::RequestParamResponse()	16	static
D:/Graduation Project/embedded/stm32/test3/sudo/ros_lib/rosserial_msgs/RequestParam.h:78:17:virtual int rosserial_msgs::RequestParamResponse::serialize(unsigned char*) const	48	static
D:/Graduation Project/embedded/stm32/test3/sudo/ros_lib/rosserial_msgs/RequestParam.h:130:17:virtual int rosserial_msgs::RequestParamResponse::deserialize(unsigned char*)	64	static
D:/Graduation Project/embedded/stm32/test3/sudo/ros_lib/rosserial_msgs/RequestParam.h:200:18:virtual const char* rosserial_msgs::RequestParamResponse::getType()	16	static
D:/Graduation Project/embedded/stm32/test3/sudo/ros_lib/rosserial_msgs/RequestParam.h:201:18:virtual const char* rosserial_msgs::RequestParamResponse::getMD5()	16	static
D:/Graduation Project/embedded/stm32/test3/sudo/ros_lib/ros/publisher.h:48:3:ros::Publisher::Publisher(const char*, ros::Msg*, int)	24	static
D:/Graduation Project/embedded/stm32/test3/sudo/ros_lib/ros/publisher.h:53:7:int ros::Publisher::publish(const ros::Msg*)	16	static
D:/Graduation Project/embedded/stm32/test3/sudo/ros_lib/ros/publisher.h:57:7:int ros::Publisher::getEndpointType()	16	static
D:/Graduation Project/embedded/stm32/test3/sudo/ros_lib/SerialClass.h:33:2:SerialClass::SerialClass(UART_HandleTypeDef&)	16	static
D:/Graduation Project/embedded/stm32/test3/sudo/ros_lib/SerialClass.h:38:36:UART_HandleTypeDef* const SerialClass::get_handle()	16	static
D:/Graduation Project/embedded/stm32/test3/sudo/ros_lib/SerialClass.h:43:14:void SerialClass::start_dma()	16	static
D:/Graduation Project/embedded/stm32/test3/sudo/ros_lib/SerialClass.h:52:13:int SerialClass::read()	24	static
D:/Graduation Project/embedded/stm32/test3/sudo/ros_lib/SerialClass.h:65:14:void SerialClass::write(const uint8_t*, int)	32	static
D:/Graduation Project/embedded/stm32/test3/sudo/ros_lib/SerialClass.h:89:14:void SerialClass::tx_cplt_callback()	16	static
D:/Graduation Project/embedded/stm32/test3/sudo/ros_lib/SerialClass.h:94:17:void SerialClass::reset_rbuf()	16	static
D:/Graduation Project/embedded/stm32/test3/sudo/ros_lib/SerialClass.h:103:17:void HAL_UART_TxCpltCallback(UART_HandleTypeDef*)	24	static
D:/Graduation Project/embedded/stm32/test3/sudo/ros_lib/SerialClass.h:116:17:void HAL_UART_RxCpltCallback(UART_HandleTypeDef*)	16	static
D:/Graduation Project/embedded/stm32/test3/sudo/ros_lib/STM32Hardware.h:16:2:STM32Hardware::STM32Hardware()	16	static
D:/Graduation Project/embedded/stm32/test3/sudo/ros_lib/STM32Hardware.h:22:7:void STM32Hardware::init()	16	static
D:/Graduation Project/embedded/stm32/test3/sudo/ros_lib/STM32Hardware.h:27:6:int STM32Hardware::read()	16	static
D:/Graduation Project/embedded/stm32/test3/sudo/ros_lib/STM32Hardware.h:32:7:void STM32Hardware::write(uint8_t*, int)	24	static
D:/Graduation Project/embedded/stm32/test3/sudo/ros_lib/STM32Hardware.h:37:16:long unsigned int STM32Hardware::time()	16	static
D:/Graduation Project/embedded/stm32/test3/sudo/ros_lib/std_msgs/Int16.h:18:5:std_msgs::Int16::Int16()	16	static
D:/Graduation Project/embedded/stm32/test3/sudo/ros_lib/std_msgs/Int16.h:23:17:virtual int std_msgs::Int16::serialize(unsigned char*) const	24	static
D:/Graduation Project/embedded/stm32/test3/sudo/ros_lib/std_msgs/Int16.h:37:17:virtual int std_msgs::Int16::deserialize(unsigned char*)	24	static
D:/Graduation Project/embedded/stm32/test3/sudo/ros_lib/std_msgs/Int16.h:52:18:virtual const char* std_msgs::Int16::getType()	16	static
D:/Graduation Project/embedded/stm32/test3/sudo/ros_lib/std_msgs/Int16.h:53:18:virtual const char* std_msgs::Int16::getMD5()	16	static
D:/Graduation Project/embedded/stm32/test3/sudo/ros_lib/std_msgs/MultiArrayDimension.h:22:5:std_msgs::MultiArrayDimension::MultiArrayDimension()	16	static
D:/Graduation Project/embedded/stm32/test3/sudo/ros_lib/std_msgs/MultiArrayDimension.h:29:17:virtual int std_msgs::MultiArrayDimension::serialize(unsigned char*) const	24	static
D:/Graduation Project/embedded/stm32/test3/sudo/ros_lib/std_msgs/MultiArrayDimension.h:50:17:virtual int std_msgs::MultiArrayDimension::deserialize(unsigned char*)	32	static
D:/Graduation Project/embedded/stm32/test3/sudo/ros_lib/std_msgs/MultiArrayDimension.h:75:18:virtual const char* std_msgs::MultiArrayDimension::getType()	16	static
D:/Graduation Project/embedded/stm32/test3/sudo/ros_lib/std_msgs/MultiArrayDimension.h:76:18:virtual const char* std_msgs::MultiArrayDimension::getMD5()	16	static
D:/Graduation Project/embedded/stm32/test3/sudo/ros_lib/std_msgs/MultiArrayLayout.h:23:5:std_msgs::MultiArrayLayout::MultiArrayLayout()	16	static
D:/Graduation Project/embedded/stm32/test3/sudo/ros_lib/std_msgs/MultiArrayLayout.h:29:17:virtual int std_msgs::MultiArrayLayout::serialize(unsigned char*) const	24	static
D:/Graduation Project/embedded/stm32/test3/sudo/ros_lib/std_msgs/MultiArrayLayout.h:48:17:virtual int std_msgs::MultiArrayLayout::deserialize(unsigned char*)	32	static
D:/Graduation Project/embedded/stm32/test3/sudo/ros_lib/std_msgs/MultiArrayLayout.h:71:18:virtual const char* std_msgs::MultiArrayLayout::getType()	16	static
D:/Graduation Project/embedded/stm32/test3/sudo/ros_lib/std_msgs/MultiArrayLayout.h:72:18:virtual const char* std_msgs::MultiArrayLayout::getMD5()	16	static
D:/Graduation Project/embedded/stm32/test3/sudo/ros_lib/std_msgs/Int16MultiArray.h:23:5:std_msgs::Int16MultiArray::Int16MultiArray()	16	static
D:/Graduation Project/embedded/stm32/test3/sudo/ros_lib/std_msgs/Int16MultiArray.h:29:17:virtual int std_msgs::Int16MultiArray::serialize(unsigned char*) const	32	static
D:/Graduation Project/embedded/stm32/test3/sudo/ros_lib/std_msgs/Int16MultiArray.h:51:17:virtual int std_msgs::Int16MultiArray::deserialize(unsigned char*)	32	static
D:/Graduation Project/embedded/stm32/test3/sudo/ros_lib/std_msgs/Int16MultiArray.h:78:18:virtual const char* std_msgs::Int16MultiArray::getType()	16	static
D:/Graduation Project/embedded/stm32/test3/sudo/ros_lib/std_msgs/Int16MultiArray.h:79:18:virtual const char* std_msgs::Int16MultiArray::getMD5()	16	static
../Core/Src/publishernode.cpp:19:6:void RoboCallback(const std_msgs::Int16&)	16	static
../Core/Src/publishernode.cpp:25:6:void AutoCallback(const std_msgs::Int16MultiArray&)	16	static
../Core/Src/publishernode.cpp:38:6:void setup()	8	static
../Core/Src/publishernode.cpp:45:6:void loop()	16	static
D:/Graduation Project/embedded/stm32/test3/sudo/ros_lib/ros/msg.h:129:15:static void ros::Msg::varToArr(A, V) [with A = unsigned char*; V = long unsigned int]	24	static
D:/Graduation Project/embedded/stm32/test3/sudo/ros_lib/ros/msg.h:137:15:static void ros::Msg::arrToVar(V&, A) [with V = long unsigned int; A = unsigned char*]	24	static
D:/Graduation Project/embedded/stm32/test3/sudo/ros_lib/ros/node_handle.h:50:7:constexpr ros::NodeHandleBase_::NodeHandleBase_()	16	static
D:/Graduation Project/embedded/stm32/test3/sudo/ros_lib/ros/node_handle.h:128:3:ros::NodeHandle_<Hardware, MAX_SUBSCRIBERS, MAX_PUBLISHERS, INPUT_SIZE, OUTPUT_SIZE>::NodeHandle_() [with Hardware = STM32Hardware; int MAX_SUBSCRIBERS = 25; int MAX_PUBLISHERS = 25; int INPUT_SIZE = 2048; int OUTPUT_SIZE = 2048]	32	static
D:/Graduation Project/embedded/stm32/test3/sudo/ros_lib/ros/subscriber.h:44:7:ros::Subscriber_::Subscriber_()	16	static
D:/Graduation Project/embedded/stm32/test3/sudo/ros_lib/ros/subscriber.h:107:3:ros::Subscriber<MsgT, void>::Subscriber(const char*, ros::Subscriber<MsgT, void>::CallbackT, int) [with MsgT = std_msgs::Int16]	24	static
D:/Graduation Project/embedded/stm32/test3/sudo/ros_lib/ros/subscriber.h:107:3:ros::Subscriber<MsgT, void>::Subscriber(const char*, ros::Subscriber<MsgT, void>::CallbackT, int) [with MsgT = std_msgs::Int16MultiArray]	24	static
D:/Graduation Project/embedded/stm32/test3/sudo/ros_lib/ros/node_handle.h:159:8:void ros::NodeHandle_<Hardware, MAX_SUBSCRIBERS, MAX_PUBLISHERS, INPUT_SIZE, OUTPUT_SIZE>::initNode() [with Hardware = STM32Hardware; int MAX_SUBSCRIBERS = 25; int MAX_PUBLISHERS = 25; int INPUT_SIZE = 2048; int OUTPUT_SIZE = 2048]	16	static
D:/Graduation Project/embedded/stm32/test3/sudo/ros_lib/ros/node_handle.h:432:8:bool ros::NodeHandle_<Hardware, MAX_SUBSCRIBERS, MAX_PUBLISHERS, INPUT_SIZE, OUTPUT_SIZE>::subscribe(SubscriberT&) [with SubscriberT = ros::Subscriber<std_msgs::Int16>; Hardware = STM32Hardware; int MAX_SUBSCRIBERS = 25; int MAX_PUBLISHERS = 25; int INPUT_SIZE = 2048; int OUTPUT_SIZE = 2048]	24	static
D:/Graduation Project/embedded/stm32/test3/sudo/ros_lib/ros/node_handle.h:432:8:bool ros::NodeHandle_<Hardware, MAX_SUBSCRIBERS, MAX_PUBLISHERS, INPUT_SIZE, OUTPUT_SIZE>::subscribe(SubscriberT&) [with SubscriberT = ros::Subscriber<std_msgs::Int16MultiArray>; Hardware = STM32Hardware; int MAX_SUBSCRIBERS = 25; int MAX_PUBLISHERS = 25; int INPUT_SIZE = 2048; int OUTPUT_SIZE = 2048]	24	static
D:/Graduation Project/embedded/stm32/test3/sudo/ros_lib/ros/node_handle.h:415:8:bool ros::NodeHandle_<Hardware, MAX_SUBSCRIBERS, MAX_PUBLISHERS, INPUT_SIZE, OUTPUT_SIZE>::advertise(ros::Publisher&) [with Hardware = STM32Hardware; int MAX_SUBSCRIBERS = 25; int MAX_PUBLISHERS = 25; int INPUT_SIZE = 2048; int OUTPUT_SIZE = 2048]	24	static
D:/Graduation Project/embedded/stm32/test3/sudo/ros_lib/ros/node_handle.h:212:15:int ros::NodeHandle_<Hardware, MAX_SUBSCRIBERS, MAX_PUBLISHERS, INPUT_SIZE, OUTPUT_SIZE>::spinOnce() [with Hardware = STM32Hardware; int MAX_SUBSCRIBERS = 25; int MAX_PUBLISHERS = 25; int INPUT_SIZE = 2048; int OUTPUT_SIZE = 2048]	24	static
D:/Graduation Project/embedded/stm32/test3/sudo/ros_lib/ros/node_handle.h:372:8:void ros::NodeHandle_<Hardware, MAX_SUBSCRIBERS, MAX_PUBLISHERS, INPUT_SIZE, OUTPUT_SIZE>::requestSyncTime() [with Hardware = STM32Hardware; int MAX_SUBSCRIBERS = 25; int MAX_PUBLISHERS = 25; int INPUT_SIZE = 2048; int OUTPUT_SIZE = 2048]	32	static
D:/Graduation Project/embedded/stm32/test3/sudo/ros_lib/ros/node_handle.h:480:8:void ros::NodeHandle_<Hardware, MAX_SUBSCRIBERS, MAX_PUBLISHERS, INPUT_SIZE, OUTPUT_SIZE>::negotiateTopics() [with Hardware = STM32Hardware; int MAX_SUBSCRIBERS = 25; int MAX_PUBLISHERS = 25; int INPUT_SIZE = 2048; int OUTPUT_SIZE = 2048]	56	static
D:/Graduation Project/embedded/stm32/test3/sudo/ros_lib/ros/node_handle.h:379:8:void ros::NodeHandle_<Hardware, MAX_SUBSCRIBERS, MAX_PUBLISHERS, INPUT_SIZE, OUTPUT_SIZE>::syncTime(uint8_t*) [with Hardware = STM32Hardware; int MAX_SUBSCRIBERS = 25; int MAX_PUBLISHERS = 25; int INPUT_SIZE = 2048; int OUTPUT_SIZE = 2048]	32	static
D:/Graduation Project/embedded/stm32/test3/sudo/ros_lib/ros/node_handle.h:511:15:int ros::NodeHandle_<Hardware, MAX_SUBSCRIBERS, MAX_PUBLISHERS, INPUT_SIZE, OUTPUT_SIZE>::publish(int, const ros::Msg*) [with Hardware = STM32Hardware; int MAX_SUBSCRIBERS = 25; int MAX_PUBLISHERS = 25; int INPUT_SIZE = 2048; int OUTPUT_SIZE = 2048]	40	static
D:/Graduation Project/embedded/stm32/test3/sudo/ros_lib/ros/node_handle.h:402:8:void ros::NodeHandle_<Hardware, MAX_SUBSCRIBERS, MAX_PUBLISHERS, INPUT_SIZE, OUTPUT_SIZE>::setNow(ros::Time&) [with Hardware = STM32Hardware; int MAX_SUBSCRIBERS = 25; int MAX_PUBLISHERS = 25; int INPUT_SIZE = 2048; int OUTPUT_SIZE = 2048]	24	static
D:/Graduation Project/embedded/stm32/test3/sudo/ros_lib/ros/node_handle.h:573:8:void ros::NodeHandle_<Hardware, MAX_SUBSCRIBERS, MAX_PUBLISHERS, INPUT_SIZE, OUTPUT_SIZE>::logerror(const char*) [with Hardware = STM32Hardware; int MAX_SUBSCRIBERS = 25; int MAX_PUBLISHERS = 25; int INPUT_SIZE = 2048; int OUTPUT_SIZE = 2048]	16	static
D:/Graduation Project/embedded/stm32/test3/sudo/ros_lib/ros/node_handle.h:552:8:void ros::NodeHandle_<Hardware, MAX_SUBSCRIBERS, MAX_PUBLISHERS, INPUT_SIZE, OUTPUT_SIZE>::log(char, const char*) [with Hardware = STM32Hardware; int MAX_SUBSCRIBERS = 25; int MAX_PUBLISHERS = 25; int INPUT_SIZE = 2048; int OUTPUT_SIZE = 2048]	40	static
../Core/Src/publishernode.cpp:59:1:void __static_initialization_and_destruction_0(int, int)	16	static
D:/Graduation Project/embedded/stm32/test3/sudo/ros_lib/ros/subscriber.h:114:16:void ros::Subscriber<MsgT, void>::callback(unsigned char*) [with MsgT = std_msgs::Int16MultiArray]	16	static
D:/Graduation Project/embedded/stm32/test3/sudo/ros_lib/ros/subscriber.h:128:15:int ros::Subscriber<MsgT, void>::getEndpointType() [with MsgT = std_msgs::Int16MultiArray]	16	static
D:/Graduation Project/embedded/stm32/test3/sudo/ros_lib/ros/subscriber.h:120:24:const char* ros::Subscriber<MsgT, void>::getMsgType() [with MsgT = std_msgs::Int16MultiArray]	16	static
D:/Graduation Project/embedded/stm32/test3/sudo/ros_lib/ros/subscriber.h:124:24:const char* ros::Subscriber<MsgT, void>::getMsgMD5() [with MsgT = std_msgs::Int16MultiArray]	16	static
D:/Graduation Project/embedded/stm32/test3/sudo/ros_lib/ros/subscriber.h:114:16:void ros::Subscriber<MsgT, void>::callback(unsigned char*) [with MsgT = std_msgs::Int16]	16	static
D:/Graduation Project/embedded/stm32/test3/sudo/ros_lib/ros/subscriber.h:128:15:int ros::Subscriber<MsgT, void>::getEndpointType() [with MsgT = std_msgs::Int16]	16	static
D:/Graduation Project/embedded/stm32/test3/sudo/ros_lib/ros/subscriber.h:120:24:const char* ros::Subscriber<MsgT, void>::getMsgType() [with MsgT = std_msgs::Int16]	16	static
D:/Graduation Project/embedded/stm32/test3/sudo/ros_lib/ros/subscriber.h:124:24:const char* ros::Subscriber<MsgT, void>::getMsgMD5() [with MsgT = std_msgs::Int16]	16	static
D:/Graduation Project/embedded/stm32/test3/sudo/ros_lib/ros/node_handle.h:363:16:bool ros::NodeHandle_<Hardware, MAX_SUBSCRIBERS, MAX_PUBLISHERS, INPUT_SIZE, OUTPUT_SIZE>::connected() [with Hardware = STM32Hardware; int MAX_SUBSCRIBERS = 25; int MAX_PUBLISHERS = 25; int INPUT_SIZE = 2048; int OUTPUT_SIZE = 2048]	16	static
../Core/Src/publishernode.cpp:59:1:cpp)	8	static
